The Meson build system
Version: 1.7.2
Source dir: /media/user/SCRATCHPAD/webrtc-apm-min/standalone
Build dir: /media/user/SCRATCHPAD/webrtc-apm-min/standalone/build-android-armv7
Build type: cross build
Project name: webrtc-audio-processing
Project version: 2.1
C compiler for the host machine: /media/user/SCRATCHPAD/webrtc-apm-min/android-ndk-r28c/toolchains/llvm/prebuilt/linux-x86_64/bin/armv7a-linux-androideabi24-clang (clang 19.0.1 "Android (13624864, +pgo, +bolt, +lto, +mlgo, based on r530567e) clang version 19.0.1 (https://android.googlesource.com/toolchain/llvm-project 97a699bf4812a18fb657c2779f5296a4ab2694d2)")
C linker for the host machine: /media/user/SCRATCHPAD/webrtc-apm-min/android-ndk-r28c/toolchains/llvm/prebuilt/linux-x86_64/bin/armv7a-linux-androideabi24-clang ld.lld 19.0.1
C++ compiler for the host machine: /media/user/SCRATCHPAD/webrtc-apm-min/android-ndk-r28c/toolchains/llvm/prebuilt/linux-x86_64/bin/armv7a-linux-androideabi24-clang++ (clang 19.0.1 "Android (13624864, +pgo, +bolt, +lto, +mlgo, based on r530567e) clang version 19.0.1 (https://android.googlesource.com/toolchain/llvm-project 97a699bf4812a18fb657c2779f5296a4ab2694d2)")
C++ linker for the host machine: /media/user/SCRATCHPAD/webrtc-apm-min/android-ndk-r28c/toolchains/llvm/prebuilt/linux-x86_64/bin/armv7a-linux-androideabi24-clang++ ld.lld 19.0.1
Compiler for language c for the build machine not found.
Compiler for language cpp for the build machine not found.
Build machine cpu family: x86_64
Build machine cpu: x86_64
Host machine cpu family: arm
Host machine cpu: armv7-a
Target machine cpu family: arm
Target machine cpu: armv7-a
Found pkg-config: NO
Found CMake: NO
Run-time dependency absl_base found: NO (tried pkgconfig and cmake)
Looking for a fallback subproject for the dependency absl_base

Executing subproject abseil-cpp 

abseil-cpp| Project name: abseil-cpp
abseil-cpp| Project version: 20240722.0
abseil-cpp| C++ compiler for the host machine: /media/user/SCRATCHPAD/webrtc-apm-min/android-ndk-r28c/toolchains/llvm/prebuilt/linux-x86_64/bin/armv7a-linux-androideabi24-clang++ (clang 19.0.1 "Android (13624864, +pgo, +bolt, +lto, +mlgo, based on r530567e) clang version 19.0.1 (https://android.googlesource.com/toolchain/llvm-project 97a699bf4812a18fb657c2779f5296a4ab2694d2)")
abseil-cpp| C++ linker for the host machine: /media/user/SCRATCHPAD/webrtc-apm-min/android-ndk-r28c/toolchains/llvm/prebuilt/linux-x86_64/bin/armv7a-linux-androideabi24-clang++ ld.lld 19.0.1
abseil-cpp| Compiler for language cpp for the build machine not found.
abseil-cpp| Compiler for C++ supports arguments /DNOMINMAX: NO
abseil-cpp| Compiler for C++ supports arguments -Wno-sign-compare: YES
abseil-cpp| Compiler for C++ supports arguments -Wno-gcc-compat: YES
abseil-cpp| Checking for size of "void*" : 4
abseil-cpp| Compiler for C++ supports arguments -mfpu=neon: YES
abseil-cpp| Checking if "atomic builtins" links: YES
abseil-cpp| Run-time dependency threads found: YES
abseil-cpp| Run-time dependency appleframeworks found: NO (tried framework)
abseil-cpp| Build targets in project: 15
abseil-cpp| Subproject abseil-cpp finished.

Dependency absl_base from subproject subprojects/abseil-cpp-20240722.0 found: YES 20240722.0
Dependency absl_flags from subproject subprojects/abseil-cpp-20240722.0 found: YES 20240722.0
Dependency absl_strings from subproject subprojects/abseil-cpp-20240722.0 found: YES 20240722.0
Dependency absl_numeric from subproject subprojects/abseil-cpp-20240722.0 found: YES 20240722.0
Dependency absl_synchronization from subproject subprojects/abseil-cpp-20240722.0 found: YES 20240722.0
Dependency absl_bad_optional_access from subproject subprojects/abseil-cpp-20240722.0 found: YES 20240722.0
Library log found: YES
Dependency gnustl skipped: feature gnustl disabled
Fetching value of define "_MSC_VER" : (undefined) 
Build targets in project: 24

webrtc-audio-processing 2.1

  Subprojects
    abseil-cpp                : YES

  User defined options
    Cross files               : /media/user/SCRATCHPAD/webrtc-apm-min/standalone/build-android-armv7.ini
    buildtype                 : release
    default_library           : shared
    gnustl                    : disabled
    abseil-cpp:default_library: static

Found ninja-1.11.1.git.kitware.jobserver-1 at /home/user/webrtc-apm-min/build-tools/bin/ninja
ninja: Entering directory `/media/user/SCRATCHPAD/webrtc-apm-min/standalone/build-android-armv7'
[1/431] Compiling C++ object subprojects/abseil-cpp-20240722.0/libabsl_base.a.p/absl_base_internal_cycleclock.cc.o
[2/431] Compiling C++ object subprojects/abseil-cpp-20240722.0/libabsl_base.a.p/absl_base_internal_poison.cc.o
[3/431] Compiling C++ object subprojects/abseil-cpp-20240722.0/libabsl_base.a.p/absl_base_internal_low_level_alloc.cc.o
[4/431] Compiling C++ object subprojects/abseil-cpp-20240722.0/libabsl_base.a.p/absl_base_internal_raw_logging.cc.o
[5/431] Compiling C++ object subprojects/abseil-cpp-20240722.0/libabsl_base.a.p/absl_base_internal_scoped_set_env.cc.o
[6/431] Compiling C++ object subprojects/abseil-cpp-20240722.0/libabsl_base.a.p/absl_base_internal_spinlock_wait.cc.o
[7/431] Compiling C++ object subprojects/abseil-cpp-20240722.0/libabsl_base.a.p/absl_base_internal_spinlock.cc.o
[8/431] Compiling C++ object subprojects/abseil-cpp-20240722.0/libabsl_base.a.p/absl_base_internal_strerror.cc.o
[9/431] Compiling C++ object subprojects/abseil-cpp-20240722.0/libabsl_base.a.p/absl_base_internal_sysinfo.cc.o
[10/431] Compiling C++ object subprojects/abseil-cpp-20240722.0/libabsl_base.a.p/absl_base_internal_thread_identity.cc.o
[11/431] Compiling C++ object subprojects/abseil-cpp-20240722.0/libabsl_base.a.p/absl_base_internal_unscaledcycleclock.cc.o
[12/431] Compiling C++ object subprojects/abseil-cpp-20240722.0/libabsl_base.a.p/absl_base_internal_throw_delegate.cc.o
[13/431] Compiling C++ object subprojects/abseil-cpp-20240722.0/libabsl_base.a.p/absl_base_log_severity.cc.o
[14/431] Linking static target subprojects/abseil-cpp-20240722.0/libabsl_base.a
[15/431] Compiling C++ object subprojects/abseil-cpp-20240722.0/libabsl_hash.a.p/absl_hash_internal_city.cc.o
[16/431] Compiling C++ object subprojects/abseil-cpp-20240722.0/libabsl_hash.a.p/absl_hash_internal_hash.cc.o
[17/431] Compiling C++ object subprojects/abseil-cpp-20240722.0/libabsl_hash.a.p/absl_hash_internal_low_level_hash.cc.o
[18/431] Linking static target subprojects/abseil-cpp-20240722.0/libabsl_hash.a
[19/431] Compiling C++ object subprojects/abseil-cpp-20240722.0/libabsl_profiling.a.p/absl_profiling_internal_exponential_biased.cc.o
[20/431] Compiling C++ object subprojects/abseil-cpp-20240722.0/libabsl_profiling.a.p/absl_profiling_internal_periodic_sampler.cc.o
[21/431] Linking static target subprojects/abseil-cpp-20240722.0/libabsl_profiling.a
[22/431] Compiling C++ object subprojects/abseil-cpp-20240722.0/libabsl_numeric.a.p/absl_numeric_int128.cc.o
[23/431] Linking static target subprojects/abseil-cpp-20240722.0/libabsl_numeric.a
[24/431] Compiling C++ object subprojects/abseil-cpp-20240722.0/libabsl_crc.a.p/absl_crc_internal_cpu_detect.cc.o
[25/431] Compiling C++ object subprojects/abseil-cpp-20240722.0/libabsl_crc.a.p/absl_crc_crc32c.cc.o
[26/431] Compiling C++ object subprojects/abseil-cpp-20240722.0/libabsl_crc.a.p/absl_crc_internal_crc.cc.o
[27/431] Compiling C++ object subprojects/abseil-cpp-20240722.0/libabsl_crc.a.p/absl_crc_internal_crc_cord_state.cc.o
[28/431] Compiling C++ object subprojects/abseil-cpp-20240722.0/libabsl_crc.a.p/absl_crc_internal_crc_memcpy_fallback.cc.o
[29/431] Compiling C++ object subprojects/abseil-cpp-20240722.0/libabsl_crc.a.p/absl_crc_internal_crc_memcpy_x86_arm_combined.cc.o
[30/431] Compiling C++ object subprojects/abseil-cpp-20240722.0/libabsl_crc.a.p/absl_crc_internal_crc_non_temporal_memcpy.cc.o
[31/431] Compiling C++ object subprojects/abseil-cpp-20240722.0/libabsl_crc.a.p/absl_crc_internal_crc_x86_arm_combined.cc.o
[32/431] Linking static target subprojects/abseil-cpp-20240722.0/libabsl_crc.a
[33/431] Compiling C++ object subprojects/abseil-cpp-20240722.0/libabsl_strings.a.p/absl_strings_ascii.cc.o
[34/431] Compiling C++ object subprojects/abseil-cpp-20240722.0/libabsl_strings.a.p/absl_strings_charconv.cc.o
[35/431] Compiling C++ object subprojects/abseil-cpp-20240722.0/libabsl_strings.a.p/absl_strings_cord_analysis.cc.o
[36/431] Compiling C++ object subprojects/abseil-cpp-20240722.0/libabsl_strings.a.p/absl_strings_cord.cc.o
[37/431] Compiling C++ object subprojects/abseil-cpp-20240722.0/libabsl_strings.a.p/absl_strings_cord_buffer.cc.o
[38/431] Compiling C++ object subprojects/abseil-cpp-20240722.0/libabsl_strings.a.p/absl_strings_escaping.cc.o
[39/431] Compiling C++ object subprojects/abseil-cpp-20240722.0/libabsl_strings.a.p/absl_strings_internal_charconv_bigint.cc.o
[40/431] Compiling C++ object subprojects/abseil-cpp-20240722.0/libabsl_strings.a.p/absl_strings_internal_charconv_parse.cc.o
[41/431] Compiling C++ object subprojects/abseil-cpp-20240722.0/libabsl_strings.a.p/absl_strings_internal_cord_internal.cc.o
[42/431] Compiling C++ object subprojects/abseil-cpp-20240722.0/libabsl_strings.a.p/absl_strings_internal_cord_rep_btree_navigator.cc.o
[43/431] Compiling C++ object subprojects/abseil-cpp-20240722.0/libabsl_strings.a.p/absl_strings_internal_cord_rep_btree.cc.o
[44/431] Compiling C++ object subprojects/abseil-cpp-20240722.0/libabsl_strings.a.p/absl_strings_internal_cord_rep_btree_reader.cc.o
[45/431] Compiling C++ object subprojects/abseil-cpp-20240722.0/libabsl_strings.a.p/absl_strings_internal_cord_rep_consume.cc.o
[46/431] Compiling C++ object subprojects/abseil-cpp-20240722.0/libabsl_strings.a.p/absl_strings_internal_cordz_functions.cc.o
[47/431] Compiling C++ object subprojects/abseil-cpp-20240722.0/libabsl_strings.a.p/absl_strings_internal_cord_rep_crc.cc.o
[48/431] Compiling C++ object subprojects/abseil-cpp-20240722.0/libabsl_strings.a.p/absl_strings_internal_cordz_handle.cc.o
[49/431] Compiling C++ object subprojects/abseil-cpp-20240722.0/libabsl_strings.a.p/absl_strings_internal_cordz_info.cc.o
[50/431] Compiling C++ object subprojects/abseil-cpp-20240722.0/libabsl_strings.a.p/absl_strings_internal_cordz_sample_token.cc.o
[51/431] Compiling C++ object subprojects/abseil-cpp-20240722.0/libabsl_strings.a.p/absl_strings_internal_damerau_levenshtein_distance.cc.o
[52/431] Compiling C++ object subprojects/abseil-cpp-20240722.0/libabsl_strings.a.p/absl_strings_internal_escaping.cc.o
[53/431] Compiling C++ object subprojects/abseil-cpp-20240722.0/libabsl_strings.a.p/absl_strings_internal_memutil.cc.o
[54/431] Compiling C++ object subprojects/abseil-cpp-20240722.0/libabsl_strings.a.p/absl_strings_internal_pow10_helper.cc.o
[55/431] Compiling C++ object subprojects/abseil-cpp-20240722.0/libabsl_strings.a.p/absl_strings_internal_ostringstream.cc.o
[56/431] Compiling C++ object subprojects/abseil-cpp-20240722.0/libabsl_strings.a.p/absl_strings_internal_str_format_bind.cc.o
[57/431] Compiling C++ object subprojects/abseil-cpp-20240722.0/libabsl_strings.a.p/absl_strings_internal_str_format_arg.cc.o
[58/431] Compiling C++ object subprojects/abseil-cpp-20240722.0/libabsl_strings.a.p/absl_strings_internal_str_format_extension.cc.o
[59/431] Compiling C++ object subprojects/abseil-cpp-20240722.0/libabsl_strings.a.p/absl_strings_internal_str_format_output.cc.o
[60/431] Compiling C++ object subprojects/abseil-cpp-20240722.0/libabsl_strings.a.p/absl_strings_internal_str_format_float_conversion.cc.o
[61/431] Compiling C++ object subprojects/abseil-cpp-20240722.0/libabsl_strings.a.p/absl_strings_internal_stringify_sink.cc.o
[62/431] Compiling C++ object subprojects/abseil-cpp-20240722.0/libabsl_strings.a.p/absl_strings_internal_utf8.cc.o
[63/431] Compiling C++ object subprojects/abseil-cpp-20240722.0/libabsl_strings.a.p/absl_strings_internal_str_format_parser.cc.o
[64/431] Compiling C++ object subprojects/abseil-cpp-20240722.0/libabsl_strings.a.p/absl_strings_match.cc.o
[65/431] Compiling C++ object subprojects/abseil-cpp-20240722.0/libabsl_strings.a.p/absl_strings_numbers.cc.o
[66/431] Compiling C++ object subprojects/abseil-cpp-20240722.0/libabsl_strings.a.p/absl_strings_str_cat.cc.o
[67/431] Compiling C++ object subprojects/abseil-cpp-20240722.0/libabsl_strings.a.p/absl_strings_str_replace.cc.o
[68/431] Compiling C++ object subprojects/abseil-cpp-20240722.0/libabsl_strings.a.p/absl_strings_str_split.cc.o
[69/431] Compiling C++ object subprojects/abseil-cpp-20240722.0/libabsl_strings.a.p/absl_strings_string_view.cc.o
[70/431] Compiling C++ object subprojects/abseil-cpp-20240722.0/libabsl_debugging.a.p/absl_debugging_failure_signal_handler.cc.o
[71/431] Compiling C++ object subprojects/abseil-cpp-20240722.0/libabsl_debugging.a.p/absl_debugging_internal_address_is_readable.cc.o
[72/431] Compiling C++ object subprojects/abseil-cpp-20240722.0/libabsl_strings.a.p/absl_strings_substitute.cc.o
[73/431] Linking static target subprojects/abseil-cpp-20240722.0/libabsl_strings.a
[74/431] Compiling C++ object subprojects/abseil-cpp-20240722.0/libabsl_debugging.a.p/absl_debugging_internal_decode_rust_punycode.cc.o
[75/431] Compiling C++ object subprojects/abseil-cpp-20240722.0/libabsl_debugging.a.p/absl_debugging_internal_demangle.cc.o
[76/431] Compiling C++ object subprojects/abseil-cpp-20240722.0/libabsl_debugging.a.p/absl_debugging_internal_demangle_rust.cc.o
[77/431] Compiling C++ object subprojects/abseil-cpp-20240722.0/libabsl_debugging.a.p/absl_debugging_internal_elf_mem_image.cc.o
[78/431] Compiling C++ object subprojects/abseil-cpp-20240722.0/libabsl_debugging.a.p/absl_debugging_internal_stack_consumption.cc.o
[79/431] Compiling C++ object subprojects/abseil-cpp-20240722.0/libabsl_debugging.a.p/absl_debugging_internal_examine_stack.cc.o
[80/431] Compiling C++ object subprojects/abseil-cpp-20240722.0/libabsl_debugging.a.p/absl_debugging_leak_check.cc.o
[81/431] Compiling C++ object subprojects/abseil-cpp-20240722.0/libabsl_debugging.a.p/absl_debugging_stacktrace.cc.o
[82/431] Compiling C++ object subprojects/abseil-cpp-20240722.0/libabsl_debugging.a.p/absl_debugging_internal_vdso_support.cc.o
[83/431] Compiling C++ object subprojects/abseil-cpp-20240722.0/libabsl_debugging.a.p/absl_debugging_internal_utf8_for_code_point.cc.o
[84/431] Compiling C++ object subprojects/abseil-cpp-20240722.0/libabsl_debugging.a.p/absl_debugging_symbolize.cc.o
[85/431] Linking static target subprojects/abseil-cpp-20240722.0/libabsl_debugging.a
[86/431] Compiling C++ object subprojects/abseil-cpp-20240722.0/libabsl_random.a.p/absl_random_discrete_distribution.cc.o
[87/431] Compiling C++ object subprojects/abseil-cpp-20240722.0/libabsl_random.a.p/absl_random_gaussian_distribution.cc.o
[88/431] Compiling C++ object subprojects/abseil-cpp-20240722.0/libabsl_random.a.p/absl_random_internal_chi_square.cc.o
[89/431] Compiling C++ object subprojects/abseil-cpp-20240722.0/libabsl_random.a.p/absl_random_internal_pool_urbg.cc.o
[90/431] Compiling C++ object subprojects/abseil-cpp-20240722.0/libabsl_random.a.p/absl_random_internal_randen_detect.cc.o
[91/431] Compiling C++ object subprojects/abseil-cpp-20240722.0/libabsl_random.a.p/absl_random_internal_randen.cc.o
[92/431] Compiling C++ object subprojects/abseil-cpp-20240722.0/libabsl_random.a.p/absl_random_internal_randen_round_keys.cc.o
[93/431] Compiling C++ object subprojects/abseil-cpp-20240722.0/libabsl_random.a.p/absl_random_internal_randen_hwaes.cc.o
[94/431] Compiling C++ object subprojects/abseil-cpp-20240722.0/libabsl_random.a.p/absl_random_internal_randen_slow.cc.o
[95/431] Compiling C++ object subprojects/abseil-cpp-20240722.0/libabsl_random.a.p/absl_random_internal_seed_material.cc.o
[96/431] Compiling C++ object subprojects/abseil-cpp-20240722.0/libabsl_random.a.p/absl_random_seed_gen_exception.cc.o
[97/431] Compiling C++ object subprojects/abseil-cpp-20240722.0/libabsl_random.a.p/absl_random_seed_sequences.cc.o
[98/431] Linking static target subprojects/abseil-cpp-20240722.0/libabsl_random.a
[99/431] Compiling C++ object subprojects/abseil-cpp-20240722.0/libabsl_time.a.p/absl_time_civil_time.cc.o
[100/431] Compiling C++ object subprojects/abseil-cpp-20240722.0/libabsl_time.a.p/absl_time_clock.cc.o
[101/431] Compiling C++ object subprojects/abseil-cpp-20240722.0/libabsl_time.a.p/absl_time_format.cc.o
[102/431] Compiling C++ object subprojects/abseil-cpp-20240722.0/libabsl_time.a.p/absl_time_duration.cc.o
[103/431] Compiling C++ object subprojects/abseil-cpp-20240722.0/libabsl_time.a.p/absl_time_internal_cctz_src_civil_time_detail.cc.o
[104/431] Compiling C++ object subprojects/abseil-cpp-20240722.0/libabsl_time.a.p/absl_time_internal_cctz_src_time_zone_fixed.cc.o
[105/431] Compiling C++ object subprojects/abseil-cpp-20240722.0/libabsl_time.a.p/absl_time_internal_cctz_src_time_zone_if.cc.o
[106/431] Compiling C++ object subprojects/abseil-cpp-20240722.0/libabsl_time.a.p/absl_time_internal_cctz_src_time_zone_format.cc.o
[107/431] Compiling C++ object subprojects/abseil-cpp-20240722.0/libabsl_time.a.p/absl_time_internal_cctz_src_time_zone_impl.cc.o
[108/431] Compiling C++ object subprojects/abseil-cpp-20240722.0/libabsl_time.a.p/absl_time_internal_cctz_src_time_zone_libc.cc.o
[109/431] Compiling C++ object subprojects/abseil-cpp-20240722.0/libabsl_time.a.p/absl_time_internal_cctz_src_time_zone_info.cc.o
[110/431] Compiling C++ object subprojects/abseil-cpp-20240722.0/libabsl_time.a.p/absl_time_internal_cctz_src_time_zone_posix.cc.o
[111/431] Compiling C++ object subprojects/abseil-cpp-20240722.0/libabsl_time.a.p/absl_time_internal_cctz_src_time_zone_lookup.cc.o
[112/431] Compiling C++ object subprojects/abseil-cpp-20240722.0/libabsl_time.a.p/absl_time_internal_cctz_src_zone_info_source.cc.o
[113/431] Compiling C++ object subprojects/abseil-cpp-20240722.0/libabsl_time.a.p/absl_time_time.cc.o
[114/431] Linking static target subprojects/abseil-cpp-20240722.0/libabsl_time.a
[115/431] Compiling C++ object subprojects/abseil-cpp-20240722.0/libabsl_types.a.p/absl_types_bad_optional_access.cc.o
[116/431] Compiling C++ object subprojects/abseil-cpp-20240722.0/libabsl_types.a.p/absl_types_bad_any_cast.cc.o
[117/431] Compiling C++ object subprojects/abseil-cpp-20240722.0/libabsl_types.a.p/absl_types_bad_variant_access.cc.o
[118/431] Linking static target subprojects/abseil-cpp-20240722.0/libabsl_types.a
[119/431] Compiling C++ object subprojects/abseil-cpp-20240722.0/libabsl_synchronization.a.p/absl_synchronization_barrier.cc.o
[120/431] Compiling C++ object subprojects/abseil-cpp-20240722.0/libabsl_synchronization.a.p/absl_synchronization_blocking_counter.cc.o
[121/431] Compiling C++ object subprojects/abseil-cpp-20240722.0/libabsl_synchronization.a.p/absl_synchronization_internal_create_thread_identity.cc.o
[122/431] Compiling C++ object subprojects/abseil-cpp-20240722.0/libabsl_synchronization.a.p/absl_synchronization_internal_futex_waiter.cc.o
[123/431] Compiling C++ object subprojects/abseil-cpp-20240722.0/libabsl_synchronization.a.p/absl_synchronization_internal_kernel_timeout.cc.o
[124/431] Compiling C++ object subprojects/abseil-cpp-20240722.0/libabsl_synchronization.a.p/absl_synchronization_internal_graphcycles.cc.o
[125/431] Compiling C++ object subprojects/abseil-cpp-20240722.0/libabsl_synchronization.a.p/absl_synchronization_internal_per_thread_sem.cc.o
[126/431] Compiling C++ object subprojects/abseil-cpp-20240722.0/libabsl_synchronization.a.p/absl_synchronization_internal_pthread_waiter.cc.o
[127/431] Compiling C++ object subprojects/abseil-cpp-20240722.0/libabsl_synchronization.a.p/absl_synchronization_internal_sem_waiter.cc.o
[128/431] Compiling C++ object subprojects/abseil-cpp-20240722.0/libabsl_synchronization.a.p/absl_synchronization_internal_stdcpp_waiter.cc.o
[129/431] Compiling C++ object subprojects/abseil-cpp-20240722.0/libabsl_synchronization.a.p/absl_synchronization_internal_win32_waiter.cc.o
[130/431] Compiling C++ object subprojects/abseil-cpp-20240722.0/libabsl_synchronization.a.p/absl_synchronization_internal_waiter_base.cc.o
[131/431] Compiling C++ object subprojects/abseil-cpp-20240722.0/libabsl_synchronization.a.p/absl_synchronization_mutex.cc.o
[132/431] Compiling C++ object subprojects/abseil-cpp-20240722.0/libabsl_synchronization.a.p/absl_synchronization_notification.cc.o
[133/431] Linking static target subprojects/abseil-cpp-20240722.0/libabsl_synchronization.a
[134/431] Compiling C++ object subprojects/abseil-cpp-20240722.0/libabsl_container.a.p/absl_container_internal_hashtablez_sampler.cc.o
[135/431] Compiling C++ object subprojects/abseil-cpp-20240722.0/libabsl_container.a.p/absl_container_internal_hashtablez_sampler_force_weak_definition.cc.o
[136/431] Compiling C++ object subprojects/abseil-cpp-20240722.0/libabsl_flags.a.p/absl_flags_commandlineflag.cc.o
[137/431] Compiling C++ object subprojects/abseil-cpp-20240722.0/libabsl_container.a.p/absl_container_internal_raw_hash_set.cc.o
[138/431] Linking static target subprojects/abseil-cpp-20240722.0/libabsl_container.a
[139/431] Compiling C++ object subprojects/abseil-cpp-20240722.0/libabsl_flags.a.p/absl_flags_internal_commandlineflag.cc.o
[140/431] Compiling C++ object subprojects/abseil-cpp-20240722.0/libabsl_flags.a.p/absl_flags_internal_flag.cc.o
[141/431] Compiling C++ object subprojects/abseil-cpp-20240722.0/libabsl_flags.a.p/absl_flags_internal_private_handle_accessor.cc.o
[142/431] Compiling C++ object subprojects/abseil-cpp-20240722.0/libabsl_flags.a.p/absl_flags_internal_program_name.cc.o
[143/431] Compiling C++ object subprojects/abseil-cpp-20240722.0/libabsl_flags.a.p/absl_flags_internal_usage.cc.o
[144/431] Compiling C++ object subprojects/abseil-cpp-20240722.0/libabsl_flags.a.p/absl_flags_marshalling.cc.o
[145/431] Compiling C++ object subprojects/abseil-cpp-20240722.0/libabsl_flags.a.p/absl_flags_reflection.cc.o
[146/431] Compiling C++ object subprojects/abseil-cpp-20240722.0/libabsl_flags.a.p/absl_flags_parse.cc.o
[147/431] Compiling C++ object subprojects/abseil-cpp-20240722.0/libabsl_flags.a.p/absl_flags_usage.cc.o
[148/431] Compiling C++ object subprojects/abseil-cpp-20240722.0/libabsl_flags.a.p/absl_flags_usage_config.cc.o
[149/431] Linking static target subprojects/abseil-cpp-20240722.0/libabsl_flags.a
[150/431] Compiling C++ object subprojects/abseil-cpp-20240722.0/libabsl_status.a.p/absl_status_internal_status_internal.cc.o
[151/431] Compiling C++ object subprojects/abseil-cpp-20240722.0/libabsl_status.a.p/absl_status_status.cc.o
[152/431] Compiling C++ object subprojects/abseil-cpp-20240722.0/libabsl_status.a.p/absl_status_status_payload_printer.cc.o
[153/431] Compiling C++ object subprojects/abseil-cpp-20240722.0/libabsl_status.a.p/absl_status_statusor.cc.o
[154/431] Linking static target subprojects/abseil-cpp-20240722.0/libabsl_status.a
[155/431] Compiling C++ object subprojects/abseil-cpp-20240722.0/libabsl_log.a.p/absl_log_die_if_null.cc.o
[156/431] Compiling C++ object subprojects/abseil-cpp-20240722.0/libabsl_log.a.p/absl_log_flags.cc.o
[157/431] Compiling C++ object subprojects/abseil-cpp-20240722.0/libabsl_log.a.p/absl_log_globals.cc.o
[158/431] Compiling C++ object subprojects/abseil-cpp-20240722.0/libabsl_log.a.p/absl_log_initialize.cc.o
[159/431] Compiling C++ object subprojects/abseil-cpp-20240722.0/libabsl_log.a.p/absl_log_internal_conditions.cc.o
[160/431] Compiling C++ object subprojects/abseil-cpp-20240722.0/libabsl_log.a.p/absl_log_internal_check_op.cc.o
[161/431] Compiling C++ object subprojects/abseil-cpp-20240722.0/libabsl_log.a.p/absl_log_internal_fnmatch.cc.o
[162/431] Compiling C++ object subprojects/abseil-cpp-20240722.0/libabsl_log.a.p/absl_log_internal_globals.cc.o
[163/431] Compiling C++ object subprojects/abseil-cpp-20240722.0/libabsl_log.a.p/absl_log_internal_log_format.cc.o
[164/431] Compiling C++ object subprojects/abseil-cpp-20240722.0/libabsl_log.a.p/absl_log_internal_log_message.cc.o
[165/431] Compiling C++ object subprojects/abseil-cpp-20240722.0/libabsl_log.a.p/absl_log_internal_nullguard.cc.o
[166/431] Compiling C++ object subprojects/abseil-cpp-20240722.0/libabsl_log.a.p/absl_log_internal_log_sink_set.cc.o
[167/431] Compiling C++ object subprojects/abseil-cpp-20240722.0/libabsl_log.a.p/absl_log_internal_proto.cc.o
[168/431] Compiling C++ object subprojects/abseil-cpp-20240722.0/libabsl_log.a.p/absl_log_log_entry.cc.o
[169/431] Compiling C++ object subprojects/abseil-cpp-20240722.0/libabsl_log.a.p/absl_log_internal_vlog_config.cc.o
[170/431] Compiling C++ object subprojects/abseil-cpp-20240722.0/libabsl_log.a.p/absl_log_log_sink.cc.o
[171/431] Linking static target subprojects/abseil-cpp-20240722.0/libabsl_log.a
[172/431] Compiling C++ object webrtc/rtc_base/liblibbase.a.p/checks.cc.o
[173/431] Compiling C++ object webrtc/rtc_base/liblibbase.a.p/event.cc.o
[174/431] Compiling C++ object webrtc/rtc_base/liblibbase.a.p/containers_flat_tree.cc.o
[175/431] Compiling C++ object webrtc/rtc_base/liblibbase.a.p/event_tracer.cc.o
[176/431] Compiling C++ object webrtc/rtc_base/liblibbase.a.p/experiments_field_trial_parser.cc.o
[177/431] Compiling C++ object webrtc/rtc_base/liblibbase.a.p/logging.cc.o
[178/431] Compiling C++ object webrtc/rtc_base/liblibbase.a.p/memory_aligned_malloc.cc.o
[179/431] Compiling C++ object webrtc/rtc_base/liblibbase.a.p/platform_thread_types.cc.o
[180/431] Compiling C++ object webrtc/rtc_base/liblibbase.a.p/race_checker.cc.o
[181/431] Compiling C++ object webrtc/rtc_base/liblibbase.a.p/platform_thread.cc.o
[182/431] Compiling C++ object webrtc/rtc_base/liblibbase.a.p/random.cc.o
[183/431] Compiling C++ object webrtc/rtc_base/liblibbase.a.p/string_encode.cc.o
[184/431] Compiling C++ object webrtc/rtc_base/liblibbase.a.p/string_to_number.cc.o
[185/431] Compiling C++ object webrtc/rtc_base/liblibbase.a.p/string_utils.cc.o
[186/431] Compiling C++ object webrtc/rtc_base/liblibbase.a.p/strings_string_builder.cc.o
[187/431] Compiling C++ object webrtc/rtc_base/liblibbase.a.p/synchronization_sequence_checker_internal.cc.o
[188/431] Compiling C++ object webrtc/rtc_base/liblibbase.a.p/synchronization_yield_policy.cc.o
[189/431] Compiling C++ object webrtc/rtc_base/liblibbase.a.p/system_file_wrapper.cc.o
[190/431] Compiling C++ object webrtc/rtc_base/liblibbase.a.p/system_time.cc.o
[191/431] Compiling C++ object webrtc/rtc_base/liblibbase.a.p/time_utils.cc.o
[192/431] Compiling C++ object webrtc/rtc_base/liblibbase.a.p/zero_memory.cc.o
[193/431] Compiling C++ object webrtc/rtc_base/liblibbase.a.p/system_warn_current_thread_is_deadlocked.cc.o
[194/431] Linking static target webrtc/rtc_base/liblibbase.a
[195/431] Compiling C++ object webrtc/api/liblibapi.a.p/audio_audio_frame.cc.o
[196/431] Compiling C++ object webrtc/api/liblibapi.a.p/audio_audio_processing.cc.o
[197/431] Compiling C++ object webrtc/api/liblibapi.a.p/audio_audio_processing_statistics.cc.o
[198/431] Compiling C++ object webrtc/api/liblibapi.a.p/audio_channel_layout.cc.o
[199/431] Compiling C++ object webrtc/api/liblibapi.a.p/audio_echo_canceller3_config.cc.o
[200/431] Compiling C++ object webrtc/api/liblibapi.a.p/rtp_headers.cc.o
[201/431] Compiling C++ object webrtc/api/liblibapi.a.p/rtp_packet_info.cc.o
[202/431] Compiling C++ object webrtc/api/liblibapi.a.p/task_queue_task_queue_base.cc.o
[203/431] Compiling C++ object webrtc/api/liblibapi.a.p/units_frequency.cc.o
[204/431] Compiling C++ object webrtc/api/liblibapi.a.p/units_timestamp.cc.o
[205/431] Compiling C++ object webrtc/api/liblibapi.a.p/units_time_delta.cc.o
[206/431] Compiling C++ object webrtc/api/liblibapi.a.p/video_hdr_metadata.cc.o
[207/431] Compiling C++ object webrtc/api/liblibapi.a.p/video_video_content_type.cc.o
[208/431] Compiling C++ object webrtc/api/liblibapi.a.p/video_color_space.cc.o
[209/431] Compiling C++ object webrtc/system_wrappers/libsystem_wrappers.a.p/source_cpu_features.cc.o
[210/431] Compiling C++ object webrtc/system_wrappers/libsystem_wrappers.a.p/source_denormal_disabler.cc.o
[211/431] Compiling C++ object webrtc/api/liblibapi.a.p/video_video_timing.cc.o
[212/431] Linking static target webrtc/api/liblibapi.a
[213/431] Compiling C++ object webrtc/system_wrappers/libsystem_wrappers.a.p/source_field_trial.cc.o
[214/431] Compiling C++ object webrtc/system_wrappers/libsystem_wrappers.a.p/source_sleep.cc.o
[215/431] Compiling C++ object webrtc/system_wrappers/libsystem_wrappers.a.p/source_metrics.cc.o
[216/431] Linking static target webrtc/system_wrappers/libsystem_wrappers.a
[217/431] Compiling C++ object webrtc/common_audio/libcommon_audio.a.p/audio_util.cc.o
[218/431] Compiling C++ object webrtc/common_audio/libcommon_audio.a.p/audio_converter.cc.o
[219/431] Compiling C++ object webrtc/common_audio/libcommon_audio.a.p/channel_buffer.cc.o
[220/431] Compiling C++ object webrtc/common_audio/libcommon_audio.a.p/fir_filter_c.cc.o
[221/431] Compiling C++ object webrtc/common_audio/libcommon_audio.a.p/fir_filter_factory.cc.o
[222/431] Compiling C++ object webrtc/common_audio/libcommon_audio.a.p/resampler_push_resampler.cc.o
[223/431] Compiling C++ object webrtc/common_audio/libcommon_audio.a.p/resampler_push_sinc_resampler.cc.o
[224/431] Compiling C++ object webrtc/common_audio/libcommon_audio.a.p/resampler_resampler.cc.o
[225/431] Compiling C++ object webrtc/common_audio/libcommon_audio.a.p/resampler_sinusoidal_linear_chirp_source.cc.o
[226/431] Compiling C++ object webrtc/common_audio/libcommon_audio.a.p/resampler_sinc_resampler.cc.o
[227/431] Compiling C object webrtc/common_audio/libcommon_audio.a.p/signal_processing_auto_correlation.c.o
[228/431] Compiling C object webrtc/common_audio/libcommon_audio.a.p/ring_buffer.c.o
[229/431] Compiling C object webrtc/common_audio/libcommon_audio.a.p/signal_processing_complex_bit_reverse.c.o
[230/431] Compiling C object webrtc/common_audio/libcommon_audio.a.p/signal_processing_auto_corr_to_refl_coef.c.o
[231/431] Compiling C object webrtc/common_audio/libcommon_audio.a.p/signal_processing_copy_set_operations.c.o
[232/431] Compiling C object webrtc/common_audio/libcommon_audio.a.p/signal_processing_complex_fft.c.o
[233/431] Compiling C object webrtc/common_audio/libcommon_audio.a.p/signal_processing_cross_correlation.c.o
[234/431] Compiling C object webrtc/common_audio/libcommon_audio.a.p/signal_processing_division_operations.c.o
[235/431] Compiling C object webrtc/common_audio/libcommon_audio.a.p/signal_processing_downsample_fast.c.o
[236/431] Compiling C object webrtc/common_audio/libcommon_audio.a.p/signal_processing_filter_ar.c.o
[237/431] Compiling C object webrtc/common_audio/libcommon_audio.a.p/signal_processing_filter_ar_fast_q12.c.o
[238/431] Compiling C object webrtc/common_audio/libcommon_audio.a.p/signal_processing_energy.c.o
[239/431] Compiling C object webrtc/common_audio/libcommon_audio.a.p/signal_processing_filter_ma_fast_q12.c.o
[240/431] Compiling C object webrtc/common_audio/libcommon_audio.a.p/signal_processing_get_hanning_window.c.o
[241/431] Compiling C object webrtc/common_audio/libcommon_audio.a.p/signal_processing_get_scaling_square.c.o
[242/431] Compiling C object webrtc/common_audio/libcommon_audio.a.p/signal_processing_ilbc_specific_functions.c.o
[243/431] Compiling C object webrtc/common_audio/libcommon_audio.a.p/signal_processing_levinson_durbin.c.o
[244/431] Compiling C object webrtc/common_audio/libcommon_audio.a.p/signal_processing_lpc_to_refl_coef.c.o
[245/431] Compiling C object webrtc/common_audio/libcommon_audio.a.p/signal_processing_min_max_operations.c.o
[246/431] Compiling C object webrtc/common_audio/libcommon_audio.a.p/signal_processing_randomization_functions.c.o
[247/431] Compiling C object webrtc/common_audio/libcommon_audio.a.p/signal_processing_real_fft.c.o
[248/431] Compiling C object webrtc/common_audio/libcommon_audio.a.p/signal_processing_refl_coef_to_lpc.c.o
[249/431] Compiling C object webrtc/common_audio/libcommon_audio.a.p/signal_processing_resample_48khz.c.o
[250/431] Compiling C object webrtc/common_audio/libcommon_audio.a.p/signal_processing_resample_by_2.c.o
[251/431] Compiling C++ object webrtc/common_audio/libcommon_audio.a.p/signal_processing_dot_product_with_scale.cc.o
[252/431] Compiling C object webrtc/common_audio/libcommon_audio.a.p/signal_processing_resample_by_2_internal.c.o
[253/431] Compiling C object webrtc/common_audio/libcommon_audio.a.p/signal_processing_resample_fractional.c.o
[254/431] Compiling C object webrtc/common_audio/libcommon_audio.a.p/signal_processing_resample.c.o
[255/431] Compiling C object webrtc/common_audio/libcommon_audio.a.p/signal_processing_spl_init.c.o
[256/431] Compiling C object webrtc/common_audio/libcommon_audio.a.p/signal_processing_spl_inl.c.o
[257/431] Compiling C object webrtc/common_audio/libcommon_audio.a.p/signal_processing_spl_sqrt.c.o
[258/431] Compiling C object webrtc/common_audio/libcommon_audio.a.p/signal_processing_splitting_filter.c.o
[259/431] Compiling C object webrtc/common_audio/libcommon_audio.a.p/signal_processing_sqrt_of_one_minus_x_squared.c.o
[260/431] Compiling C object webrtc/common_audio/libcommon_audio.a.p/signal_processing_vector_scaling_operations.c.o
[261/431] Compiling C++ object webrtc/common_audio/libcommon_audio.a.p/third_party_ooura_fft_size_128_ooura_fft.cc.o
[262/431] Compiling C++ object webrtc/common_audio/libcommon_audio.a.p/third_party_ooura_fft_size_256_fft4g.cc.o
[263/431] Compiling C object webrtc/common_audio/libcommon_audio.a.p/third_party_spl_sqrt_floor_spl_sqrt_floor.c.o
[264/431] Compiling C++ object webrtc/common_audio/libcommon_audio.a.p/smoothing_filter.cc.o
[265/431] Compiling C object webrtc/common_audio/libcommon_audio.a.p/vad_vad_core.c.o
[266/431] Compiling C object webrtc/common_audio/libcommon_audio.a.p/vad_vad_filterbank.c.o
[267/431] Compiling C object webrtc/common_audio/libcommon_audio.a.p/vad_vad_gmm.c.o
[268/431] Compiling C object webrtc/common_audio/libcommon_audio.a.p/vad_vad_sp.c.o
[269/431] Compiling C object webrtc/common_audio/libcommon_audio.a.p/vad_webrtc_vad.c.o
[270/431] Compiling C object webrtc/common_audio/libcommon_audio.a.p/signal_processing_complex_bit_reverse_arm.S.o
[271/431] Compiling C object webrtc/common_audio/libcommon_audio.a.p/third_party_spl_sqrt_floor_spl_sqrt_floor_arm.S.o
[272/431] Compiling C object webrtc/common_audio/libcommon_audio.a.p/signal_processing_filter_ar_fast_q12_armv7.S.o
[273/431] Compiling C++ object webrtc/common_audio/libcommon_audio.a.p/vad_vad.cc.o
[274/431] Linking static target webrtc/common_audio/libcommon_audio.a
[275/431] Compiling C++ object webrtc/third_party/rnnoise/liblibrnnoise.a.p/src_rnn_vad_weights.cc.o
[276/431] Linking static target webrtc/third_party/rnnoise/liblibrnnoise.a
[277/431] Compiling C object webrtc/third_party/pffft/liblibpffft.a.p/src_pffft.c.o
[278/431] Linking static target webrtc/third_party/pffft/liblibpffft.a
[279/431] Compiling C object webrtc/modules/third_party/fft/liblibfft.a.p/fft.c.o
[280/431] Linking static target webrtc/modules/third_party/fft/liblibfft.a
[281/431] Compiling C++ object webrtc/modules/audio_processing/libwebrtc-audio-processing-2.so.p/aec_dump_null_aec_dump_factory.cc.o
[282/431] Compiling C++ object webrtc/modules/audio_processing/libwebrtc-audio-processing-2.so.p/aec3_adaptive_fir_filter.cc.o
[283/431] Compiling C++ object webrtc/modules/audio_processing/libwebrtc-audio-processing-2.so.p/aec3_adaptive_fir_filter_erl.cc.o
[284/431] Compiling C++ object webrtc/modules/audio_processing/libwebrtc-audio-processing-2.so.p/aec3_aec3_common.cc.o
[285/431] Compiling C++ object webrtc/modules/audio_processing/libwebrtc-audio-processing-2.so.p/aec3_aec3_fft.cc.o
[286/431] Compiling C++ object webrtc/modules/audio_processing/libwebrtc-audio-processing-2.so.p/aec3_aec_state.cc.o
[287/431] Compiling C++ object webrtc/modules/audio_processing/libwebrtc-audio-processing-2.so.p/aec3_alignment_mixer.cc.o
[288/431] Compiling C++ object webrtc/modules/audio_processing/libwebrtc-audio-processing-2.so.p/aec3_api_call_jitter_metrics.cc.o
[289/431] Compiling C++ object webrtc/modules/audio_processing/libwebrtc-audio-processing-2.so.p/aec3_block_buffer.cc.o
[290/431] Compiling C++ object webrtc/modules/audio_processing/libwebrtc-audio-processing-2.so.p/aec3_block_delay_buffer.cc.o
[291/431] Compiling C++ object webrtc/modules/audio_processing/libwebrtc-audio-processing-2.so.p/aec3_block_framer.cc.o
[292/431] Compiling C++ object webrtc/modules/audio_processing/libwebrtc-audio-processing-2.so.p/aec3_block_processor_metrics.cc.o
[293/431] Compiling C++ object webrtc/modules/audio_processing/libwebrtc-audio-processing-2.so.p/aec3_block_processor.cc.o
[294/431] Compiling C++ object webrtc/modules/audio_processing/libwebrtc-audio-processing-2.so.p/aec3_clockdrift_detector.cc.o
[295/431] Compiling C++ object webrtc/modules/audio_processing/libwebrtc-audio-processing-2.so.p/aec3_coarse_filter_update_gain.cc.o
[296/431] Compiling C++ object webrtc/modules/audio_processing/libwebrtc-audio-processing-2.so.p/aec3_comfort_noise_generator.cc.o
[297/431] Compiling C++ object webrtc/modules/audio_processing/libwebrtc-audio-processing-2.so.p/aec3_config_selector.cc.o
[298/431] Compiling C++ object webrtc/modules/audio_processing/libwebrtc-audio-processing-2.so.p/aec3_decimator.cc.o
[299/431] Compiling C++ object webrtc/modules/audio_processing/libwebrtc-audio-processing-2.so.p/aec3_dominant_nearend_detector.cc.o
[300/431] Compiling C++ object webrtc/modules/audio_processing/libwebrtc-audio-processing-2.so.p/aec3_downsampled_render_buffer.cc.o
[301/431] Compiling C++ object webrtc/modules/audio_processing/libwebrtc-audio-processing-2.so.p/aec3_echo_audibility.cc.o
[302/431] Compiling C++ object webrtc/modules/audio_processing/libwebrtc-audio-processing-2.so.p/aec3_echo_path_delay_estimator.cc.o
[303/431] Compiling C++ object webrtc/modules/audio_processing/libwebrtc-audio-processing-2.so.p/aec3_echo_path_variability.cc.o
[304/431] Compiling C++ object webrtc/modules/audio_processing/libwebrtc-audio-processing-2.so.p/aec3_echo_canceller3.cc.o
[305/431] Compiling C++ object webrtc/modules/audio_processing/libwebrtc-audio-processing-2.so.p/aec3_echo_remover.cc.o
[306/431] Compiling C++ object webrtc/modules/audio_processing/libwebrtc-audio-processing-2.so.p/aec3_echo_remover_metrics.cc.o
[307/431] Compiling C++ object webrtc/modules/audio_processing/libwebrtc-audio-processing-2.so.p/aec3_erle_estimator.cc.o
[308/431] Compiling C++ object webrtc/modules/audio_processing/libwebrtc-audio-processing-2.so.p/aec3_erl_estimator.cc.o
[309/431] Compiling C++ object webrtc/modules/audio_processing/libwebrtc-audio-processing-2.so.p/aec3_fft_buffer.cc.o
[310/431] Compiling C++ object webrtc/modules/audio_processing/libwebrtc-audio-processing-2.so.p/aec3_filter_analyzer.cc.o
[311/431] Compiling C++ object webrtc/modules/audio_processing/libwebrtc-audio-processing-2.so.p/aec3_frame_blocker.cc.o
[312/431] Compiling C++ object webrtc/modules/audio_processing/libwebrtc-audio-processing-2.so.p/aec3_fullband_erle_estimator.cc.o
[313/431] Compiling C++ object webrtc/modules/audio_processing/libwebrtc-audio-processing-2.so.p/aec3_matched_filter.cc.o
[314/431] Compiling C++ object webrtc/modules/audio_processing/libwebrtc-audio-processing-2.so.p/aec3_matched_filter_lag_aggregator.cc.o
[315/431] Compiling C++ object webrtc/modules/audio_processing/libwebrtc-audio-processing-2.so.p/aec3_moving_average.cc.o
[316/431] Compiling C++ object webrtc/modules/audio_processing/libwebrtc-audio-processing-2.so.p/aec3_multi_channel_content_detector.cc.o
[317/431] Compiling C++ object webrtc/modules/audio_processing/libwebrtc-audio-processing-2.so.p/aec3_refined_filter_update_gain.cc.o
[318/431] Compiling C++ object webrtc/modules/audio_processing/libwebrtc-audio-processing-2.so.p/aec3_render_buffer.cc.o
[319/431] Compiling C++ object webrtc/modules/audio_processing/libwebrtc-audio-processing-2.so.p/aec3_render_delay_controller.cc.o
[320/431] Compiling C++ object webrtc/modules/audio_processing/libwebrtc-audio-processing-2.so.p/aec3_render_delay_buffer.cc.o
[321/431] Compiling C++ object webrtc/modules/audio_processing/libwebrtc-audio-processing-2.so.p/aec3_render_delay_controller_metrics.cc.o
[322/431] Compiling C++ object webrtc/modules/audio_processing/libwebrtc-audio-processing-2.so.p/aec3_render_signal_analyzer.cc.o
[323/431] Compiling C++ object webrtc/modules/audio_processing/libwebrtc-audio-processing-2.so.p/aec3_residual_echo_estimator.cc.o
[324/431] Compiling C++ object webrtc/modules/audio_processing/libwebrtc-audio-processing-2.so.p/aec3_reverb_decay_estimator.cc.o
[325/431] Compiling C++ object webrtc/modules/audio_processing/libwebrtc-audio-processing-2.so.p/aec3_reverb_model.cc.o
[326/431] Compiling C++ object webrtc/modules/audio_processing/libwebrtc-audio-processing-2.so.p/aec3_reverb_frequency_response.cc.o
[327/431] Compiling C++ object webrtc/modules/audio_processing/libwebrtc-audio-processing-2.so.p/aec3_reverb_model_estimator.cc.o
[328/431] Compiling C++ object webrtc/modules/audio_processing/libwebrtc-audio-processing-2.so.p/aec3_signal_dependent_erle_estimator.cc.o
[329/431] Compiling C++ object webrtc/modules/audio_processing/libwebrtc-audio-processing-2.so.p/aec3_spectrum_buffer.cc.o
[330/431] Compiling C++ object webrtc/modules/audio_processing/libwebrtc-audio-processing-2.so.p/aec3_stationarity_estimator.cc.o
[331/431] Compiling C++ object webrtc/modules/audio_processing/libwebrtc-audio-processing-2.so.p/aec3_subband_erle_estimator.cc.o
[332/431] Compiling C++ object webrtc/modules/audio_processing/libwebrtc-audio-processing-2.so.p/aec3_subband_nearend_detector.cc.o
[333/431] Compiling C++ object webrtc/modules/audio_processing/libwebrtc-audio-processing-2.so.p/aec3_subtractor_output_analyzer.cc.o
[334/431] Compiling C++ object webrtc/modules/audio_processing/libwebrtc-audio-processing-2.so.p/aec3_subtractor.cc.o
[335/431] Compiling C++ object webrtc/modules/audio_processing/libwebrtc-audio-processing-2.so.p/aec3_subtractor_output.cc.o
[336/431] Compiling C++ object webrtc/modules/audio_processing/libwebrtc-audio-processing-2.so.p/aec3_suppression_filter.cc.o
[337/431] Compiling C++ object webrtc/modules/audio_processing/libwebrtc-audio-processing-2.so.p/aec3_suppression_gain.cc.o
[338/431] Compiling C++ object webrtc/modules/audio_processing/libwebrtc-audio-processing-2.so.p/aec3_transparent_mode.cc.o
[339/431] Compiling C++ object webrtc/modules/audio_processing/libwebrtc-audio-processing-2.so.p/aecm_echo_control_mobile.cc.o
[340/431] Compiling C++ object webrtc/modules/audio_processing/libwebrtc-audio-processing-2.so.p/aecm_aecm_core.cc.o
[341/431] Compiling C++ object webrtc/modules/audio_processing/libwebrtc-audio-processing-2.so.p/agc_agc.cc.o
[342/431] Compiling C++ object webrtc/modules/audio_processing/libwebrtc-audio-processing-2.so.p/agc_agc_manager_direct.cc.o
[343/431] Compiling C++ object webrtc/modules/audio_processing/libwebrtc-audio-processing-2.so.p/agc_legacy_analog_agc.cc.o
[344/431] Compiling C++ object webrtc/modules/audio_processing/libwebrtc-audio-processing-2.so.p/agc_legacy_digital_agc.cc.o
[345/431] Compiling C++ object webrtc/modules/audio_processing/libwebrtc-audio-processing-2.so.p/agc_utility.cc.o
[346/431] Compiling C++ object webrtc/modules/audio_processing/libwebrtc-audio-processing-2.so.p/agc_loudness_histogram.cc.o
[347/431] Compiling C++ object webrtc/modules/audio_processing/libwebrtc-audio-processing-2.so.p/agc2_agc2_testing_common.cc.o
[348/431] Compiling C++ object webrtc/modules/audio_processing/libwebrtc-audio-processing-2.so.p/agc2_adaptive_digital_gain_controller.cc.o
[349/431] Compiling C++ object webrtc/modules/audio_processing/libwebrtc-audio-processing-2.so.p/agc2_biquad_filter.cc.o
[350/431] Compiling C++ object webrtc/modules/audio_processing/libwebrtc-audio-processing-2.so.p/agc2_clipping_predictor.cc.o
[351/431] Compiling C++ object webrtc/modules/audio_processing/libwebrtc-audio-processing-2.so.p/agc2_clipping_predictor_level_buffer.cc.o
[352/431] Compiling C++ object webrtc/modules/audio_processing/libwebrtc-audio-processing-2.so.p/agc2_cpu_features.cc.o
[353/431] Compiling C++ object webrtc/modules/audio_processing/libwebrtc-audio-processing-2.so.p/agc2_compute_interpolated_gain_curve.cc.o
[354/431] Compiling C++ object webrtc/modules/audio_processing/libwebrtc-audio-processing-2.so.p/agc2_gain_applier.cc.o
[355/431] Compiling C++ object webrtc/modules/audio_processing/libwebrtc-audio-processing-2.so.p/agc2_fixed_digital_level_estimator.cc.o
[356/431] Compiling C++ object webrtc/modules/audio_processing/libwebrtc-audio-processing-2.so.p/agc2_input_volume_stats_reporter.cc.o
[357/431] Compiling C++ object webrtc/modules/audio_processing/libwebrtc-audio-processing-2.so.p/agc2_input_volume_controller.cc.o
[358/431] Compiling C++ object webrtc/modules/audio_processing/libwebrtc-audio-processing-2.so.p/agc2_interpolated_gain_curve.cc.o
[359/431] Compiling C++ object webrtc/modules/audio_processing/libwebrtc-audio-processing-2.so.p/agc2_limiter.cc.o
[360/431] Compiling C++ object webrtc/modules/audio_processing/libwebrtc-audio-processing-2.so.p/agc2_limiter_db_gain_curve.cc.o
[361/431] Compiling C++ object webrtc/modules/audio_processing/libwebrtc-audio-processing-2.so.p/agc2_noise_level_estimator.cc.o
[362/431] Compiling C++ object webrtc/modules/audio_processing/libwebrtc-audio-processing-2.so.p/agc2_rnn_vad_auto_correlation.cc.o
[363/431] Compiling C++ object webrtc/modules/audio_processing/libwebrtc-audio-processing-2.so.p/agc2_rnn_vad_features_extraction.cc.o
[364/431] Compiling C++ object webrtc/modules/audio_processing/libwebrtc-audio-processing-2.so.p/agc2_rnn_vad_lp_residual.cc.o
[365/431] Compiling C++ object webrtc/modules/audio_processing/libwebrtc-audio-processing-2.so.p/agc2_rnn_vad_pitch_search.cc.o
[366/431] Compiling C++ object webrtc/modules/audio_processing/libwebrtc-audio-processing-2.so.p/agc2_rnn_vad_pitch_search_internal.cc.o
[367/431] Compiling C++ object webrtc/modules/audio_processing/libwebrtc-audio-processing-2.so.p/agc2_rnn_vad_rnn.cc.o
[368/431] Compiling C++ object webrtc/modules/audio_processing/libwebrtc-audio-processing-2.so.p/agc2_rnn_vad_rnn_fc.cc.o
[369/431] Compiling C++ object webrtc/modules/audio_processing/libwebrtc-audio-processing-2.so.p/agc2_rnn_vad_rnn_gru.cc.o
[370/431] Compiling C++ object webrtc/modules/audio_processing/libwebrtc-audio-processing-2.so.p/agc2_rnn_vad_spectral_features.cc.o
[371/431] Compiling C++ object webrtc/modules/audio_processing/libwebrtc-audio-processing-2.so.p/agc2_rnn_vad_spectral_features_internal.cc.o
[372/431] Compiling C++ object webrtc/modules/audio_processing/libwebrtc-audio-processing-2.so.p/agc2_saturation_protector.cc.o
[373/431] Compiling C++ object webrtc/modules/audio_processing/libwebrtc-audio-processing-2.so.p/agc2_saturation_protector_buffer.cc.o
[374/431] Compiling C++ object webrtc/modules/audio_processing/libwebrtc-audio-processing-2.so.p/agc2_speech_level_estimator.cc.o
[375/431] Compiling C++ object webrtc/modules/audio_processing/libwebrtc-audio-processing-2.so.p/agc2_speech_probability_buffer.cc.o
[376/431] Compiling C++ object webrtc/modules/audio_processing/libwebrtc-audio-processing-2.so.p/agc2_vector_float_frame.cc.o
[377/431] Compiling C++ object webrtc/modules/audio_processing/libwebrtc-audio-processing-2.so.p/agc2_vad_wrapper.cc.o
[378/431] Compiling C++ object webrtc/modules/audio_processing/libwebrtc-audio-processing-2.so.p/audio_buffer.cc.o
[379/431] Compiling C++ object webrtc/modules/audio_processing/libwebrtc-audio-processing-2.so.p/audio_processing_builder_impl.cc.o
[380/431] Compiling C++ object webrtc/modules/audio_processing/libwebrtc-audio-processing-2.so.p/capture_levels_adjuster_audio_samples_scaler.cc.o
[381/431] Compiling C++ object webrtc/modules/audio_processing/libwebrtc-audio-processing-2.so.p/capture_levels_adjuster_capture_levels_adjuster.cc.o
[382/431] Compiling C++ object webrtc/modules/audio_processing/libwebrtc-audio-processing-2.so.p/audio_processing_impl.cc.o
[383/431] Compiling C++ object webrtc/modules/audio_processing/libwebrtc-audio-processing-2.so.p/echo_control_mobile_impl.cc.o
[384/431] Compiling C++ object webrtc/modules/audio_processing/libwebrtc-audio-processing-2.so.p/echo_detector_circular_buffer.cc.o
[385/431] Compiling C++ object webrtc/modules/audio_processing/libwebrtc-audio-processing-2.so.p/echo_detector_mean_variance_estimator.cc.o
[386/431] Compiling C++ object webrtc/modules/audio_processing/libwebrtc-audio-processing-2.so.p/echo_detector_moving_max.cc.o
[387/431] Compiling C++ object webrtc/modules/audio_processing/libwebrtc-audio-processing-2.so.p/echo_detector_normalized_covariance_estimator.cc.o
[388/431] Compiling C++ object webrtc/modules/audio_processing/libwebrtc-audio-processing-2.so.p/gain_control_impl.cc.o
[389/431] Compiling C++ object webrtc/modules/audio_processing/libwebrtc-audio-processing-2.so.p/gain_controller2.cc.o
[390/431] Compiling C++ object webrtc/modules/audio_processing/libwebrtc-audio-processing-2.so.p/high_pass_filter.cc.o
[391/431] Compiling C++ object webrtc/modules/audio_processing/libwebrtc-audio-processing-2.so.p/include_aec_dump.cc.o
[392/431] Compiling C++ object webrtc/modules/audio_processing/libwebrtc-audio-processing-2.so.p/include_audio_frame_proxies.cc.o
[393/431] Compiling C++ object webrtc/modules/audio_processing/libwebrtc-audio-processing-2.so.p/logging_apm_data_dumper.cc.o
[394/431] Compiling C++ object webrtc/modules/audio_processing/libwebrtc-audio-processing-2.so.p/ns_fast_math.cc.o
[395/431] Compiling C++ object webrtc/modules/audio_processing/libwebrtc-audio-processing-2.so.p/ns_histograms.cc.o
[396/431] Compiling C++ object webrtc/modules/audio_processing/libwebrtc-audio-processing-2.so.p/ns_noise_estimator.cc.o
[397/431] Compiling C++ object webrtc/modules/audio_processing/libwebrtc-audio-processing-2.so.p/ns_noise_suppressor.cc.o
[398/431] Compiling C++ object webrtc/modules/audio_processing/libwebrtc-audio-processing-2.so.p/ns_prior_signal_model.cc.o
[399/431] Compiling C++ object webrtc/modules/audio_processing/libwebrtc-audio-processing-2.so.p/ns_ns_fft.cc.o
[400/431] Compiling C++ object webrtc/modules/audio_processing/libwebrtc-audio-processing-2.so.p/ns_prior_signal_model_estimator.cc.o
[401/431] Compiling C++ object webrtc/modules/audio_processing/libwebrtc-audio-processing-2.so.p/ns_signal_model.cc.o
[402/431] Compiling C++ object webrtc/modules/audio_processing/libwebrtc-audio-processing-2.so.p/ns_quantile_noise_estimator.cc.o
[403/431] Compiling C++ object webrtc/modules/audio_processing/libwebrtc-audio-processing-2.so.p/ns_signal_model_estimator.cc.o
[404/431] Compiling C++ object webrtc/modules/audio_processing/libwebrtc-audio-processing-2.so.p/ns_speech_probability_estimator.cc.o
[405/431] Compiling C++ object webrtc/modules/audio_processing/libwebrtc-audio-processing-2.so.p/ns_suppression_params.cc.o
[406/431] Compiling C++ object webrtc/modules/audio_processing/libwebrtc-audio-processing-2.so.p/ns_wiener_filter.cc.o
[407/431] Compiling C++ object webrtc/modules/audio_processing/libwebrtc-audio-processing-2.so.p/rms_level.cc.o
[408/431] Compiling C++ object webrtc/modules/audio_processing/libwebrtc-audio-processing-2.so.p/residual_echo_detector.cc.o
[409/431] Compiling C++ object webrtc/modules/audio_processing/libwebrtc-audio-processing-2.so.p/splitting_filter.cc.o
[410/431] Compiling C++ object webrtc/modules/audio_processing/libwebrtc-audio-processing-2.so.p/three_band_filter_bank.cc.o
[411/431] Compiling C++ object webrtc/modules/audio_processing/libwebrtc-audio-processing-2.so.p/utility_delay_estimator.cc.o
[412/431] Compiling C++ object webrtc/modules/audio_processing/libwebrtc-audio-processing-2.so.p/utility_cascaded_biquad_filter.cc.o
[413/431] Compiling C++ object webrtc/modules/audio_processing/libwebrtc-audio-processing-2.so.p/utility_delay_estimator_wrapper.cc.o
[414/431] Compiling C++ object webrtc/modules/audio_processing/libwebrtc-audio-processing-2.so.p/vad_gmm.cc.o
[415/431] Compiling C++ object webrtc/modules/audio_processing/libwebrtc-audio-processing-2.so.p/utility_pffft_wrapper.cc.o
[416/431] Compiling C++ object webrtc/modules/audio_processing/libwebrtc-audio-processing-2.so.p/vad_pitch_internal.cc.o
[417/431] Compiling C++ object webrtc/modules/audio_processing/libwebrtc-audio-processing-2.so.p/vad_pitch_based_vad.cc.o
[418/431] Compiling C++ object webrtc/modules/audio_processing/libwebrtc-audio-processing-2.so.p/vad_pole_zero_filter.cc.o
[419/431] Compiling C++ object webrtc/modules/audio_processing/libwebrtc-audio-processing-2.so.p/vad_standalone_vad.cc.o
[420/431] Compiling C++ object webrtc/modules/audio_processing/libwebrtc-audio-processing-2.so.p/vad_vad_audio_proc.cc.o
[421/431] Compiling C++ object webrtc/modules/audio_processing/libwebrtc-audio-processing-2.so.p/vad_vad_circular_buffer.cc.o
[422/431] Compiling C++ object webrtc/modules/audio_processing/libwebrtc-audio-processing-2.so.p/vad_voice_activity_detector.cc.o
[423/431] Compiling C++ object webrtc/modules/audio_processing/libwebrtc-audio-processing-2.so.p/aecm_aecm_core_c.cc.o
[424/431] Compiling C object webrtc/modules/audio_processing/libwebrtc-audio-processing-2.so.p/.._audio_coding_codecs_isac_main_source_filter_functions.c.o
[425/431] Compiling C object webrtc/modules/audio_processing/libwebrtc-audio-processing-2.so.p/.._audio_coding_codecs_isac_main_source_isac_vad.c.o
[426/431] Compiling C object webrtc/modules/audio_processing/libwebrtc-audio-processing-2.so.p/.._audio_coding_codecs_isac_main_source_pitch_filter.c.o
[427/431] Compiling C object webrtc/modules/audio_processing/libwebrtc-audio-processing-2.so.p/.._audio_coding_codecs_isac_main_source_pitch_estimator.c.o
[428/431] Linking target webrtc/modules/audio_processing/libwebrtc-audio-processing-2.so
[429/431] Generating symbol file webrtc/modules/audio_processing/libwebrtc-audio-processing-2.so.p/libwebrtc-audio-processing-2.so.symbols
[430/431] Compiling C++ object examples/run-offline.p/run-offline.cpp.o
[431/431] Linking target examples/run-offline
INFO: autodetecting backend as ninja
INFO: calculating backend command to run: /home/user/webrtc-apm-min/build-tools/bin/ninja -C /media/user/SCRATCHPAD/webrtc-apm-min/standalone/build-android-armv7 -j 2
/media/user/SCRATCHPAD/webrtc-apm-min/standalone/build-android-armv7/webrtc/modules/audio_processing/libwebrtc-audio-processing-2.so: ELF 32-bit LSB shared object, ARM, EABI5 version 1 (SYSV), dynamically linked, not stripped
ELF Header:
  Magic:   7f 45 4c 46 01 01 01 00 00 00 00 00 00 00 00 00
  Class:                             ELF32
  Data:                              2's complement, little endian
  Version:                           1 (current)
  OS/ABI:                            UNIX - System V
  ABI Version:                       0
  Type:                              DYN (Shared object file)
  Machine:                           ARM
  Version:                           0x1
  Entry point address:               0x0
  Start of program headers:          52 (bytes into file)
  Start of section headers:          1238300 (bytes into file)
  Flags:                             0x5000200
  Size of this header:               52 (bytes)
  Size of program headers:           32 (bytes)
  Number of program headers:         10
  Size of section headers:           40 (bytes)
  Number of section headers:         27
  Section header string table index: 25
Dynamic section at offset 0xdd4c8 contains 26 entries:
  Tag        Type           Name/Value
  0x00000001 (NEEDED)       Shared library: [liblog.so]
  0x00000001 (NEEDED)       Shared library: [libc++_shared.so]
  0x00000001 (NEEDED)       Shared library: [libm.so]
  0x00000001 (NEEDED)       Shared library: [libc.so]
  0x0000000e (SONAME)       Library soname: [libwebrtc-audio-processing-2.so]
  0x0000001e (FLAGS)        BIND_NOW 
  0x6ffffffb (FLAGS_1)      NOW 
  0x00000011 (REL)          0x2ef74
  0x00000012 (RELSZ)        5856 (bytes)
  0x00000013 (RELENT)       8 (bytes)
  0x6ffffffa (RELCOUNT)     140
  0x00000017 (JMPREL)       0x339bc
  0x00000002 (PLTRELSZ)     8488 (bytes)
  0x00000003 (PLTGOT)       0xdf7ac
  0x00000014 (PLTREL)       REL
  0x00000006 (SYMTAB)       0x20c
  0x0000000b (SYMENT)       16 (bytes)
  0x00000005 (STRTAB)       0xe348
  0x0000000a (STRSZ)        134188 (bytes)
  0x6ffffef5 (GNU_HASH)     0xa82c
  0x0000001a (FINI_ARRAY)   0xdf4c0
  0x0000001c (FINI_ARRAYSZ) 8 (bytes)
  0x6ffffff0 (VERSYM)       0x957c
  0x6ffffffe (VERNEED)      0xa7ec
  0x6fffffff (VERNEEDNUM)   2
  0x00000000 (NULL)         0x0
BuildAttributes {
  FormatVersion: 0x41
  Section 1 {
    SectionLength: 59
    Vendor: aeabi
    Tag: Tag_File (0x1)
    Size: 49
    FileAttributes {
      Attribute {
        Tag: 67
        TagName: conformance
        Value: 2.09
      }
      Attribute {
        Tag: 6
        Value: 10
        TagName: CPU_arch
        Description: ARM v7
      }
      Attribute {
        Tag: 7
        Value: 65
        TagName: CPU_arch_profile
        Description: Application
      }
      Attribute {
        Tag: 8
        Value: 1
        TagName: ARM_ISA_use
        Description: Permitted
      }
      Attribute {
        Tag: 9
        Value: 2
        TagName: THUMB_ISA_use
        Description: Thumb-2
      }
      Attribute {
        Tag: 10
        Value: 3
        TagName: FP_arch
        Description: VFPv3
      }
      Attribute {
        Tag: 12
        Value: 1
        TagName: Advanced_SIMD_arch
        Description: NEONv1
      }
      Attribute {
        Tag: 14
        Value: 0
        TagName: ABI_PCS_R9_use
        Description: v6
      }
      Attribute {
        Tag: 15
        Value: 1
        TagName: ABI_PCS_RW_data
        Description: PC-relative
      }
      Attribute {
        Tag: 16
        Value: 1
        TagName: ABI_PCS_RO_data
        Description: PC-relative
      }
      Attribute {
        Tag: 17
        Value: 2
        TagName: ABI_PCS_GOT_use
        Description: GOT-Indirect
      }
      Attribute {
        Tag: 18
        Value: 4
        TagName: ABI_PCS_wchar_t
        Description: 4-byte
      }
      Attribute {
        Tag: 20
        Value: 1
        TagName: ABI_FP_denormal
        Description: IEEE-754
      }
      Attribute {
        Tag: 21
        Value: 0
        TagName: ABI_FP_exceptions
        Description: Not Permitted
      }
      Attribute {
        Tag: 23
        Value: 3
        TagName: ABI_FP_number_model
        Description: IEEE-754
      }
      Attribute {
        Tag: 24
        Value: 1
        TagName: ABI_align_needed
        Description: 8-byte alignment
      }
      Attribute {
        Tag: 25
        Value: 1
        TagName: ABI_align_preserved
        Description: 8-byte data alignment
      }
      Attribute {
        Tag: 26
        Value: 2
        TagName: ABI_enum_size
        Description: Int32
      }
      Attribute {
        Tag: 34
        Value: 1
        TagName: CPU_unaligned_access
        Description: v6-style
      }
      Attribute {
        Tag: 38
        Value: 1
        TagName: ABI_FP_16bit_format
        Description: IEEE-754
      }
    }
  }
}
c678dd7caa4af5db6882325854885f10f99577ffcd705fd3f6b11ba5e92fa307  /media/user/SCRATCHPAD/webrtc-apm-min/standalone/build-android-armv7/webrtc/modules/audio_processing/libwebrtc-audio-processing-2.so
