
________ running 'git -c core.deltaBaseCacheLimit=2g clone --no-checkout --progress https://webrtc.googlesource.com/src.git /home/user/webrtc-apm-build/_gclient_src_m3o5oxjx' in '/home/user/webrtc-apm-build'
Cloning into '/home/user/webrtc-apm-build/_gclient_src_m3o5oxjx'...
remote: Sending approximately 495.64 MiB ...Counting objects: 1           
remote: Finding sources:   1% (1/179)           
remote: Finding sources:   2% (3/179)           
remote: Finding sources:   3% (5/179)           
remote: Finding sources:   4% (7/179)           
remote: Finding sources:   5% (9/179)           
remote: Finding sources:   6% (10/179)           
remote: Finding sources:   7% (12/179)           
remote: Finding sources:   8% (14/179)           
remote: Finding sources:   9% (16/179)           
remote: Finding sources:  10% (18/179)           
remote: Finding sources:  11% (19/179)           
remote: Finding sources:  12% (21/179)           
remote: Finding sources:  13% (23/179)           
remote: Finding sources:  14% (25/179)           
remote: Finding sources:  15% (26/179)           
remote: Finding sources:  16% (28/179)           
remote: Finding sources:  17% (30/179)           
remote: Finding sources:  18% (32/179)           
remote: Finding sources:  19% (34/179)           
remote: Finding sources:  20% (35/179)           
remote: Finding sources:  21% (37/179)           
remote: Finding sources:  22% (39/179)           
remote: Finding sources:  23% (41/179)           
remote: Finding sources:  24% (43/179)           
remote: Finding sources:  25% (44/179)           
remote: Finding sources:  26% (46/179)           
remote: Finding sources:  27% (48/179)           
remote: Finding sources:  28% (50/179)           
remote: Finding sources:  29% (52/179)           
remote: Finding sources:  30% (53/179)           
remote: Finding sources:  31% (55/179)           
remote: Finding sources:  32% (57/179)           
remote: Finding sources:  33% (59/179)           
remote: Finding sources:  34% (60/179)           
remote: Finding sources:  35% (62/179)           
remote: Finding sources:  36% (64/179)           
remote: Finding sources:  37% (66/179)           
remote: Finding sources:  38% (68/179)           
remote: Finding sources:  39% (69/179)           
remote: Finding sources:  40% (71/179)           
remote: Finding sources:  41% (73/179)           
remote: Finding sources:  42% (75/179)           
remote: Finding sources:  43% (77/179)           
remote: Finding sources:  44% (78/179)           
remote: Finding sources:  45% (80/179)           
remote: Finding sources:  46% (82/179)           
remote: Finding sources:  47% (84/179)           
remote: Finding sources:  48% (86/179)           
remote: Finding sources:  49% (87/179)           
remote: Finding sources:  50% (89/179)           
remote: Finding sources:  51% (91/179)           
remote: Finding sources:  52% (93/179)           
remote: Finding sources:  53% (94/179)           
remote: Finding sources:  54% (96/179)           
remote: Finding sources:  55% (98/179)           
remote: Finding sources:  56% (100/179)           
remote: Finding sources:  57% (102/179)           
remote: Finding sources:  58% (103/179)           
remote: Finding sources:  59% (105/179)           
remote: Finding sources:  60% (107/179)           
remote: Finding sources:  61% (109/179)           
remote: Finding sources:  62% (111/179)           
remote: Finding sources:  63% (112/179)           
remote: Finding sources:  64% (114/179)           
remote: Finding sources:  65% (116/179)           
remote: Finding sources:  66% (118/179)           
remote: Finding sources:  67% (120/179)           
remote: Finding sources:  68% (121/179)           
remote: Finding sources:  69% (123/179)           
remote: Finding sources:  70% (125/179)           
remote: Finding sources:  71% (127/179)           
remote: Finding sources:  72% (128/179)           
remote: Finding sources:  73% (130/179)           
remote: Finding sources:  74% (132/179)           
remote: Finding sources:  75% (134/179)           
remote: Finding sources:  76% (136/179)           
remote: Finding sources:  77% (137/179)           
remote: Finding sources:  78% (139/179)           
remote: Finding sources:  79% (141/179)           
remote: Finding sources:  80% (143/179)           
remote: Finding sources:  81% (145/179)           
remote: Finding sources:  82% (146/179)           
remote: Finding sources:  83% (148/179)           
remote: Finding sources:  84% (150/179)           
remote: Finding sources:  85% (152/179)           
remote: Finding sources:  86% (154/179)           
remote: Finding sources:  87% (155/179)           
remote: Finding sources:  88% (157/179)           
remote: Finding sources:  89% (159/179)           
remote: Finding sources:  90% (161/179)           
remote: Finding sources:  91% (162/179)           
remote: Finding sources:  92% (164/179)           
remote: Finding sources:  93% (166/179)           
remote: Finding sources:  94% (168/179)           
remote: Finding sources:  95% (170/179)           
remote: Finding sources:  96% (171/179)           
remote: Finding sources:  97% (173/179)           
remote: Finding sources:  98% (175/179)           
remote: Finding sources:  99% (177/179)           
remote: Finding sources: 100% (179/179)           
remote: Finding sources: 100% (179/179)        
Receiving objects:   0% (1/520647)
Receiving objects:   1% (5207/520647)
Receiving objects:   2% (10413/520647)
Receiving objects:   3% (15620/520647), 7.96 MiB | 15.91 MiB/s
Receiving objects:   4% (20826/520647), 7.96 MiB | 15.91 MiB/s
Receiving objects:   5% (26033/520647), 7.96 MiB | 15.91 MiB/s
Receiving objects:   5% (31019/520647), 7.96 MiB | 15.91 MiB/s
Receiving objects:   6% (31239/520647), 7.96 MiB | 15.91 MiB/s
Receiving objects:   7% (36446/520647), 17.30 MiB | 17.30 MiB/s
Receiving objects:   8% (41652/520647), 17.30 MiB | 17.30 MiB/s
Receiving objects:   9% (46859/520647), 17.30 MiB | 17.30 MiB/s
Receiving objects:  10% (52065/520647), 17.30 MiB | 17.30 MiB/s
Receiving objects:  11% (57272/520647), 26.19 MiB | 17.46 MiB/s
Receiving objects:  12% (62478/520647), 26.19 MiB | 17.46 MiB/s
Receiving objects:  13% (67685/520647), 26.19 MiB | 17.46 MiB/s
Receiving objects:  13% (71616/520647), 26.19 MiB | 17.46 MiB/s
Receiving objects:  14% (72891/520647), 37.46 MiB | 18.73 MiB/s
Receiving objects:  15% (78098/520647), 37.46 MiB | 18.73 MiB/s
Receiving objects:  16% (83304/520647), 37.46 MiB | 18.73 MiB/s
Receiving objects:  17% (88510/520647), 37.46 MiB | 18.73 MiB/s
Receiving objects:  18% (93717/520647), 50.23 MiB | 20.09 MiB/s
Receiving objects:  19% (98923/520647), 50.23 MiB | 20.09 MiB/s
Receiving objects:  20% (104130/520647), 50.23 MiB | 20.09 MiB/s
Receiving objects:  21% (109336/520647), 50.23 MiB | 20.09 MiB/s
Receiving objects:  21% (111646/520647), 50.23 MiB | 20.09 MiB/s
Receiving objects:  22% (114543/520647), 61.07 MiB | 20.36 MiB/s
Receiving objects:  23% (119749/520647), 61.07 MiB | 20.36 MiB/s
Receiving objects:  24% (124956/520647), 65.49 MiB | 18.53 MiB/s
Receiving objects:  25% (130162/520647), 65.49 MiB | 18.53 MiB/s
Receiving objects:  25% (134650/520647), 65.49 MiB | 18.53 MiB/s
Receiving objects:  26% (135369/520647), 65.49 MiB | 18.53 MiB/s
Receiving objects:  27% (140575/520647), 73.62 MiB | 18.25 MiB/s
Receiving objects:  28% (145782/520647), 73.62 MiB | 18.25 MiB/s
Receiving objects:  29% (150988/520647), 73.62 MiB | 18.25 MiB/s
Receiving objects:  30% (156195/520647), 73.62 MiB | 18.25 MiB/s
Receiving objects:  31% (161401/520647), 73.62 MiB | 18.25 MiB/s
Receiving objects:  32% (166608/520647), 84.54 MiB | 18.64 MiB/s
Receiving objects:  33% (171814/520647), 84.54 MiB | 18.64 MiB/s
Receiving objects:  34% (177020/520647), 84.54 MiB | 18.64 MiB/s
Receiving objects:  35% (182227/520647), 84.54 MiB | 18.64 MiB/s
Receiving objects:  36% (187433/520647), 84.54 MiB | 18.64 MiB/s
Receiving objects:  37% (192640/520647), 84.54 MiB | 18.64 MiB/s
Receiving objects:  38% (197846/520647), 84.54 MiB | 18.64 MiB/s
Receiving objects:  38% (203006/520647), 84.54 MiB | 18.64 MiB/s
Receiving objects:  39% (203053/520647), 84.54 MiB | 18.64 MiB/s
Receiving objects:  40% (208259/520647), 84.54 MiB | 18.64 MiB/s
Receiving objects:  41% (213466/520647), 91.61 MiB | 18.45 MiB/s
Receiving objects:  42% (218672/520647), 91.61 MiB | 18.45 MiB/s
Receiving objects:  43% (223879/520647), 91.61 MiB | 18.45 MiB/s
Receiving objects:  44% (229085/520647), 91.61 MiB | 18.45 MiB/s
Receiving objects:  45% (234292/520647), 91.61 MiB | 18.45 MiB/s
Receiving objects:  46% (239498/520647), 91.61 MiB | 18.45 MiB/s
Receiving objects:  47% (244705/520647), 91.61 MiB | 18.45 MiB/s
Receiving objects:  48% (249911/520647), 91.61 MiB | 18.45 MiB/s
Receiving objects:  49% (255118/520647), 91.61 MiB | 18.45 MiB/s
Receiving objects:  50% (260324/520647), 91.61 MiB | 18.45 MiB/s
Receiving objects:  51% (265530/520647), 91.61 MiB | 18.45 MiB/s
Receiving objects:  52% (270737/520647), 91.61 MiB | 18.45 MiB/s
Receiving objects:  53% (275943/520647), 91.61 MiB | 18.45 MiB/s
Receiving objects:  53% (277085/520647), 101.03 MiB | 18.46 MiB/s
Receiving objects:  54% (281150/520647), 120.17 MiB | 18.23 MiB/s
Receiving objects:  54% (284040/520647), 120.17 MiB | 18.23 MiB/s
Receiving objects:  55% (286356/520647), 128.53 MiB | 17.26 MiB/s
Receiving objects:  56% (291563/520647), 139.01 MiB | 17.18 MiB/s
Receiving objects:  56% (291798/520647), 139.01 MiB | 17.18 MiB/s
Receiving objects:  57% (296769/520647), 156.00 MiB | 18.29 MiB/s
Receiving objects:  57% (299587/520647), 156.00 MiB | 18.29 MiB/s
Receiving objects:  58% (301976/520647), 164.56 MiB | 17.77 MiB/s
Receiving objects:  59% (307182/520647), 173.53 MiB | 18.19 MiB/s
Receiving objects:  60% (312389/520647), 173.53 MiB | 18.19 MiB/s
Receiving objects:  60% (312642/520647), 173.53 MiB | 18.19 MiB/s
Receiving objects:  61% (317595/520647), 182.25 MiB | 18.05 MiB/s
Receiving objects:  61% (322693/520647), 190.42 MiB | 17.24 MiB/s
Receiving objects:  62% (322802/520647), 190.42 MiB | 17.24 MiB/s
Receiving objects:  63% (328008/520647), 199.08 MiB | 17.54 MiB/s
Receiving objects:  63% (331653/520647), 207.45 MiB | 17.54 MiB/s
Receiving objects:  64% (333215/520647), 214.79 MiB | 16.84 MiB/s
Receiving objects:  65% (338421/520647), 223.11 MiB | 16.70 MiB/s
Receiving objects:  65% (339487/520647), 223.11 MiB | 16.70 MiB/s
Receiving objects:  66% (343628/520647), 232.10 MiB | 16.91 MiB/s
Receiving objects:  67% (348834/520647), 241.75 MiB | 17.15 MiB/s
Receiving objects:  67% (349873/520647), 241.75 MiB | 17.15 MiB/s
Receiving objects:  68% (354040/520647), 251.03 MiB | 17.22 MiB/s
Receiving objects:  68% (359057/520647), 260.35 MiB | 17.36 MiB/s
Receiving objects:  69% (359247/520647), 260.35 MiB | 17.36 MiB/s
Receiving objects:  70% (364453/520647), 276.96 MiB | 17.31 MiB/s
Receiving objects:  70% (366597/520647), 276.96 MiB | 17.31 MiB/s
Receiving objects:  71% (369660/520647), 284.49 MiB | 17.12 MiB/s
Receiving objects:  71% (374092/520647), 292.01 MiB | 17.16 MiB/s
Receiving objects:  72% (374866/520647), 299.76 MiB | 17.03 MiB/s
Receiving objects:  73% (380073/520647), 307.07 MiB | 16.66 MiB/s
Receiving objects:  73% (382167/520647), 307.07 MiB | 16.66 MiB/s
Receiving objects:  74% (385279/520647), 314.81 MiB | 16.24 MiB/s
Receiving objects:  75% (390486/520647), 322.26 MiB | 15.83 MiB/s
Receiving objects:  75% (391449/520647), 322.26 MiB | 15.83 MiB/s
Receiving objects:  76% (395692/520647), 330.22 MiB | 15.53 MiB/s
Receiving objects:  77% (400899/520647), 338.83 MiB | 15.38 MiB/s
Receiving objects:  77% (402667/520647), 338.83 MiB | 15.38 MiB/s
Receiving objects:  78% (406105/520647), 358.32 MiB | 16.40 MiB/s
Receiving objects:  78% (406154/520647), 358.32 MiB | 16.40 MiB/s
Receiving objects:  79% (411312/520647), 377.24 MiB | 17.22 MiB/s
Receiving objects:  79% (412877/520647), 387.13 MiB | 17.79 MiB/s
Receiving objects:  80% (416518/520647), 387.13 MiB | 17.79 MiB/s
Receiving objects:  80% (421378/520647), 397.08 MiB | 18.28 MiB/s
Receiving objects:  81% (421725/520647), 397.08 MiB | 18.28 MiB/s
Receiving objects:  82% (426931/520647), 411.07 MiB | 17.96 MiB/s
Receiving objects:  83% (432138/520647), 411.07 MiB | 17.96 MiB/s
Receiving objects:  83% (434521/520647), 411.07 MiB | 17.96 MiB/s
Receiving objects:  84% (437344/520647), 411.07 MiB | 17.96 MiB/s
Receiving objects:  85% (442550/520647), 417.73 MiB | 17.53 MiB/s
Receiving objects:  86% (447757/520647), 417.73 MiB | 17.53 MiB/s
Receiving objects:  87% (452963/520647), 417.73 MiB | 17.53 MiB/s
Receiving objects:  88% (458170/520647), 417.73 MiB | 17.53 MiB/s
Receiving objects:  89% (463376/520647), 427.09 MiB | 17.52 MiB/s
Receiving objects:  90% (468583/520647), 427.09 MiB | 17.52 MiB/s
Receiving objects:  91% (473789/520647), 427.09 MiB | 17.52 MiB/s
Receiving objects:  91% (478619/520647), 439.20 MiB | 17.96 MiB/s
Receiving objects:  92% (478996/520647), 439.20 MiB | 17.96 MiB/s
Receiving objects:  93% (484202/520647), 439.20 MiB | 17.96 MiB/s
Receiving objects:  94% (489409/520647), 445.24 MiB | 16.94 MiB/s
Receiving objects:  95% (494615/520647), 445.24 MiB | 16.94 MiB/s
Receiving objects:  95% (499457/520647), 445.24 MiB | 16.94 MiB/s
Receiving objects:  96% (499822/520647), 445.24 MiB | 16.94 MiB/s
Receiving objects:  97% (505028/520647), 449.30 MiB | 16.00 MiB/s
Receiving objects:  98% (510235/520647), 449.30 MiB | 16.00 MiB/s
Receiving objects:  99% (515441/520647), 459.26 MiB | 16.01 MiB/s
Receiving objects:  99% (515444/520647), 470.73 MiB | 16.35 MiB/s
Receiving objects:  99% (520573/520647), 491.01 MiB | 17.73 MiB/s
remote: Total 520647 (delta 370264), reused 520600 (delta 370264)        
Receiving objects: 100% (520647/520647), 491.01 MiB | 17.73 MiB/s
Receiving objects: 100% (520647/520647), 492.90 MiB | 17.52 MiB/s, done.
Resolving deltas:   0% (0/370264)
Resolving deltas:   1% (3703/370264)
Resolving deltas:   2% (7406/370264)
Resolving deltas:   3% (11108/370264)
Resolving deltas:   4% (14811/370264)
Resolving deltas:   5% (18514/370264)
Resolving deltas:   6% (22216/370264)
Resolving deltas:   6% (22972/370264)
Resolving deltas:   7% (25919/370264)
Resolving deltas:   8% (29622/370264)
Resolving deltas:   9% (33324/370264)
Resolving deltas:  10% (37027/370264)
Resolving deltas:  11% (40730/370264)
Resolving deltas:  12% (44432/370264)
Resolving deltas:  13% (48135/370264)
Resolving deltas:  14% (51837/370264)
Resolving deltas:  14% (51953/370264)
Resolving deltas:  15% (55540/370264)
Resolving deltas:  16% (59243/370264)
Resolving deltas:  17% (62945/370264)
Resolving deltas:  18% (66648/370264)
Resolving deltas:  19% (70351/370264)
Resolving deltas:  20% (74053/370264)
Resolving deltas:  21% (77756/370264)
Resolving deltas:  22% (81459/370264)
Resolving deltas:  22% (83733/370264)
Resolving deltas:  23% (85161/370264)
Resolving deltas:  24% (88864/370264)
Resolving deltas:  25% (92566/370264)
Resolving deltas:  26% (96269/370264)
Resolving deltas:  27% (99972/370264)
Resolving deltas:  28% (103674/370264)
Resolving deltas:  29% (107378/370264)
Resolving deltas:  30% (111080/370264)
Resolving deltas:  31% (114782/370264)
Resolving deltas:  32% (118485/370264)
Resolving deltas:  33% (122188/370264)
Resolving deltas:  34% (125890/370264)
Resolving deltas:  34% (129313/370264)
Resolving deltas:  35% (129593/370264)
Resolving deltas:  36% (133296/370264)
Resolving deltas:  37% (136998/370264)
Resolving deltas:  38% (140701/370264)
Resolving deltas:  39% (144403/370264)
Resolving deltas:  40% (148106/370264)
Resolving deltas:  41% (151809/370264)
Resolving deltas:  42% (155511/370264)
Resolving deltas:  43% (159214/370264)
Resolving deltas:  44% (162917/370264)
Resolving deltas:  45% (166619/370264)
Resolving deltas:  46% (170322/370264)
Resolving deltas:  47% (174025/370264)
Resolving deltas:  47% (175196/370264)
Resolving deltas:  48% (177727/370264)
Resolving deltas:  49% (181430/370264)
Resolving deltas:  49% (182318/370264)
Resolving deltas:  50% (185132/370264)
Resolving deltas:  50% (187063/370264)
Resolving deltas:  51% (188835/370264)
Resolving deltas:  52% (192538/370264)
Resolving deltas:  52% (195369/370264)
Resolving deltas:  53% (196240/370264)
Resolving deltas:  53% (198947/370264)
Resolving deltas:  54% (199943/370264)
Resolving deltas:  55% (203646/370264)
Resolving deltas:  56% (207348/370264)
Resolving deltas:  56% (207792/370264)
Resolving deltas:  57% (211051/370264)
Resolving deltas:  57% (211529/370264)
Resolving deltas:  58% (214754/370264)
Resolving deltas:  58% (215864/370264)
Resolving deltas:  59% (218456/370264)
Resolving deltas:  59% (221315/370264)
Resolving deltas:  60% (222159/370264)
Resolving deltas:  60% (224824/370264)
Resolving deltas:  61% (225862/370264)
Resolving deltas:  62% (229564/370264)
Resolving deltas:  62% (231832/370264)
Resolving deltas:  63% (233267/370264)
Resolving deltas:  63% (236668/370264)
Resolving deltas:  64% (236969/370264)
Resolving deltas:  65% (240672/370264)
Resolving deltas:  65% (242213/370264)
Resolving deltas:  66% (244375/370264)
Resolving deltas:  66% (247227/370264)
Resolving deltas:  67% (248077/370264)
Resolving deltas:  68% (251780/370264)
Resolving deltas:  68% (252703/370264)
Resolving deltas:  69% (255483/370264)
Resolving deltas:  69% (257524/370264)
Resolving deltas:  70% (259185/370264)
Resolving deltas:  70% (262388/370264)
Resolving deltas:  71% (262888/370264)
Resolving deltas:  71% (266338/370264)
Resolving deltas:  72% (266591/370264)
Resolving deltas:  73% (270293/370264)
Resolving deltas:  73% (271877/370264)
Resolving deltas:  74% (273996/370264)
Resolving deltas:  74% (276664/370264)
Resolving deltas:  75% (277698/370264)
Resolving deltas:  76% (281401/370264)
Resolving deltas:  76% (283437/370264)
Resolving deltas:  77% (285104/370264)
Resolving deltas:  78% (288806/370264)
Resolving deltas:  78% (291237/370264)
Resolving deltas:  79% (292509/370264)
Resolving deltas:  80% (296212/370264)
Resolving deltas:  81% (299914/370264)
Resolving deltas:  81% (300504/370264)
Resolving deltas:  82% (303617/370264)
Resolving deltas:  82% (307203/370264)
Resolving deltas:  83% (307320/370264)
Resolving deltas:  84% (311022/370264)
Resolving deltas:  85% (314725/370264)
Resolving deltas:  85% (317916/370264)
Resolving deltas:  86% (318428/370264)
Resolving deltas:  87% (322130/370264)
Resolving deltas:  88% (325833/370264)
Resolving deltas:  89% (329535/370264)
Resolving deltas:  89% (332909/370264)
Resolving deltas:  90% (333238/370264)
Resolving deltas:  91% (336941/370264)
Resolving deltas:  92% (340643/370264)
Resolving deltas:  92% (342887/370264)
Resolving deltas:  93% (344346/370264)
Resolving deltas:  94% (348050/370264)
Resolving deltas:  95% (351751/370264)
Resolving deltas:  96% (355454/370264)
Resolving deltas:  96% (358383/370264)
Resolving deltas:  97% (359158/370264)
Resolving deltas:  98% (362859/370264)
Resolving deltas:  99% (366562/370264)
Resolving deltas:  99% (369321/370264)
Resolving deltas: 100% (370264/370264)
Resolving deltas: 100% (370264/370264), done.
[0:01:19] Still working on:
[0:01:19]   src
