[0:01:14] Still working on:
[0:01:14]   src/examples/androidtests/third_party/gradle
[0:01:14]   src/testing
[0:01:24] Still working on:
[0:01:24]   src/examples/androidtests/third_party/gradle
[0:01:24]   src/testing
[0:01:34] Still working on:
[0:01:34]   src/examples/androidtests/third_party/gradle
[0:01:34]   src/testing
[0:01:44] Still working on:
[0:01:44]   src/examples/androidtests/third_party/gradle
[0:01:44]   src/testing
[0:01:54] Still working on:
[0:01:54]   src/examples/androidtests/third_party/gradle
[0:01:54]   src/testing
[0:02:04] Still working on:
[0:02:04]   src/examples/androidtests/third_party/gradle
[0:02:04]   src/testing
[0:02:14] Still working on:
[0:02:14]   src/examples/androidtests/third_party/gradle
[0:02:14]   src/testing
[0:02:24] Still working on:
[0:02:24]   src/examples/androidtests/third_party/gradle
[0:02:24]   src/testing
[0:02:34] Still working on:
[0:02:34]   src/examples/androidtests/third_party/gradle
[0:02:34]   src/testing
[0:02:44] Still working on:
[0:02:44]   src/examples/androidtests/third_party/gradle
[0:02:44]   src/testing
[0:02:54] Still working on:
[0:02:54]   src/examples/androidtests/third_party/gradle
[0:02:54]   src/testing
[0:03:04] Still working on:
[0:03:04]   src/examples/androidtests/third_party/gradle
[0:03:04]   src/testing
[0:03:14] Still working on:
[0:03:14]   src/examples/androidtests/third_party/gradle
[0:03:14]   src/testing
[0:03:24] Still working on:
[0:03:24]   src/examples/androidtests/third_party/gradle
[0:03:24]   src/testing
[0:04:44] Still working on:
[0:04:44]   src/third_party
[0:04:44]   src/tools
[0:04:54] Still working on:
[0:04:54]   src/third_party
[0:04:54]   src/tools
[0:05:04] Still working on:
[0:05:04]   src/third_party
[0:05:04]   src/tools
[0:05:14] Still working on:
[0:05:14]   src/third_party
[0:05:14]   src/tools
[0:05:24] Still working on:
[0:05:24]   src/third_party
[0:05:24]   src/tools
[0:05:34] Still working on:
[0:05:34]   src/third_party
[0:05:34]   src/tools
[0:05:44] Still working on:
[0:05:44]   src/third_party
[0:05:44]   src/tools
[0:05:54] Still working on:
[0:05:54]   src/third_party
[0:05:54]   src/tools
[0:06:04] Still working on:
[0:06:04]   src/third_party
[0:06:04]   src/tools
[0:06:14] Still working on:
[0:06:14]   src/third_party
[0:06:14]   src/tools
[0:06:24] Still working on:
[0:06:24]   src/third_party
[0:06:24]   src/tools
[0:06:34] Still working on:
[0:06:34]   src/third_party
[0:06:34]   src/tools
[0:06:44] Still working on:
[0:06:44]   src/third_party
[0:06:44]   src/tools
[0:06:54] Still working on:
[0:06:54]   src/third_party
[0:06:54]   src/tools
[0:07:04] Still working on:
[0:07:04]   src/third_party
[0:07:04]   src/tools
[0:07:14] Still working on:
[0:07:14]   src/third_party
[0:07:14]   src/tools
[0:07:24] Still working on:
[0:07:24]   src/third_party
[0:07:24]   src/tools
[0:07:34] Still working on:
[0:07:34]   src/third_party
[0:07:34]   src/tools
[0:07:44] Still working on:
[0:07:44]   src/third_party
[0:07:44]   src/tools
[0:07:54] Still working on:
[0:07:54]   src/third_party
[0:07:54]   src/tools
[0:08:04] Still working on:
[0:08:04]   src/third_party
[0:08:04]   src/tools
[0:08:14] Still working on:
[0:08:14]   src/third_party
[0:08:14]   src/tools
[0:08:24] Still working on:
[0:08:24]   src/third_party
[0:08:24]   src/tools
[0:08:34] Still working on:
[0:08:34]   src/third_party
[0:08:34]   src/tools
[0:08:44] Still working on:
[0:08:44]   src/third_party
[0:08:44]   src/tools
[0:08:54] Still working on:
[0:08:54]   src/third_party
[0:08:54]   src/tools
[0:09:04] Still working on:
[0:09:04]   src/third_party
[0:09:04]   src/tools
[0:09:14] Still working on:
[0:09:14]   src/third_party
[0:09:14]   src/tools
[0:09:24] Still working on:
[0:09:24]   src/third_party
[0:09:24]   src/tools
[0:09:34] Still working on:
[0:09:34]   src/third_party
[0:09:34]   src/tools
[0:09:44] Still working on:
[0:09:44]   src/third_party
[0:09:44]   src/tools
[0:09:54] Still working on:
[0:09:54]   src/third_party
[0:09:54]   src/tools
[0:10:04] Still working on:
[0:10:04]   src/third_party
[0:10:04]   src/tools
[0:10:14] Still working on:
[0:10:14]   src/third_party
[0:10:14]   src/tools
[0:10:24] Still working on:
[0:10:24]   src/third_party
[0:10:24]   src/tools
[0:10:34] Still working on:
[0:10:34]   src/third_party
[0:10:34]   src/tools
[0:10:44] Still working on:
[0:10:44]   src/third_party
[0:10:44]   src/tools
[0:10:54] Still working on:
[0:10:54]   src/third_party
[0:10:54]   src/tools
[0:11:04] Still working on:
[0:11:04]   src/third_party
[0:11:04]   src/tools
[0:11:14] Still working on:
[0:11:14]   src/third_party
[0:11:14]   src/tools
[0:11:24] Still working on:
[0:11:24]   src/third_party
[0:11:24]   src/tools
[0:11:34] Still working on:
[0:11:34]   src/third_party
[0:11:34]   src/tools
[0:11:44] Still working on:
[0:11:44]   src/third_party
[0:11:44]   src/tools
[0:11:54] Still working on:
[0:11:54]   src/third_party
[0:11:54]   src/tools
[0:12:04] Still working on:
[0:12:04]   src/third_party
[0:12:04]   src/tools
[0:12:14] Still working on:
[0:12:14]   src/third_party
[0:12:14]   src/tools
[0:12:24] Still working on:
[0:12:24]   src/third_party
[0:12:24]   src/tools
[0:12:34] Still working on:
[0:12:34]   src/third_party
[0:12:34]   src/tools
[0:12:44] Still working on:
[0:12:44]   src/third_party
[0:12:44]   src/tools
[0:12:54] Still working on:
[0:12:54]   src/third_party
[0:12:54]   src/tools
[0:13:04] Still working on:
[0:13:04]   src/third_party
[0:13:04]   src/tools
[0:13:14] Still working on:
[0:13:14]   src/third_party
[0:13:14]   src/tools
[0:13:24] Still working on:
[0:13:24]   src/third_party
[0:13:24]   src/tools
[0:13:34] Still working on:
[0:13:34]   src/third_party
[0:13:34]   src/tools
[0:13:44] Still working on:
[0:13:44]   src/third_party
[0:13:44]   src/tools
[0:13:54] Still working on:
[0:13:54]   src/third_party
[0:13:54]   src/tools
[0:14:04] Still working on:
[0:14:04]   src/third_party
[0:14:04]   src/tools
[0:14:14] Still working on:
[0:14:14]   src/third_party
[0:14:14]   src/tools
[0:14:25] Still working on:
[0:14:25]   src/third_party
[0:14:25]   src/tools
[0:14:35] Still working on:
[0:14:35]   src/third_party
[0:14:35]   src/tools
[0:14:45] Still working on:
[0:14:45]   src/third_party
[0:14:45]   src/tools
[0:14:55] Still working on:
[0:14:55]   src/third_party
[0:14:55]   src/tools
[0:15:05] Still working on:
[0:15:05]   src/third_party
[0:15:05]   src/tools
[0:15:15] Still working on:
[0:15:15]   src/third_party
[0:15:15]   src/tools
[0:15:25] Still working on:
[0:15:25]   src/third_party
[0:15:25]   src/tools
[0:15:35] Still working on:
[0:15:35]   src/third_party
[0:15:35]   src/tools
[0:15:45] Still working on:
[0:15:45]   src/third_party
[0:15:45]   src/tools
[0:15:55] Still working on:
[0:15:55]   src/third_party
[0:15:55]   src/tools
[0:16:05] Still working on:
[0:16:05]   src/third_party
[0:16:05]   src/tools
[0:16:15] Still working on:
[0:16:15]   src/third_party
[0:16:15]   src/tools
[0:16:25] Still working on:
[0:16:25]   src/third_party
[0:16:25]   src/tools
[0:16:35] Still working on:
[0:16:35]   src/third_party
[0:16:35]   src/tools
[0:16:45] Still working on:
[0:16:45]   src/third_party
[0:16:45]   src/tools
[0:16:55] Still working on:
[0:16:55]   src/third_party
[0:16:55]   src/tools
[0:17:05] Still working on:
[0:17:05]   src/third_party
[0:17:05]   src/tools
[0:17:15] Still working on:
[0:17:15]   src/third_party
[0:17:15]   src/tools
[0:17:25] Still working on:
[0:17:25]   src/third_party
[0:17:25]   src/tools
[0:17:35] Still working on:
[0:17:35]   src/third_party
[0:17:35]   src/tools
[0:17:45] Still working on:
[0:17:45]   src/third_party
[0:17:45]   src/tools
[0:17:55] Still working on:
[0:17:55]   src/third_party
[0:17:55]   src/tools
[0:18:05] Still working on:
[0:18:05]   src/third_party
[0:18:05]   src/tools
[0:18:15] Still working on:
[0:18:15]   src/third_party
[0:18:15]   src/tools
[0:18:25] Still working on:
[0:18:25]   src/third_party
[0:18:25]   src/tools
[0:18:35] Still working on:
[0:18:35]   src/third_party
[0:18:35]   src/tools
[0:18:45] Still working on:
[0:18:45]   src/third_party
[0:18:45]   src/tools
[0:18:55] Still working on:
[0:18:55]   src/third_party
[0:18:55]   src/tools
[0:19:05] Still working on:
[0:19:05]   src/third_party
[0:19:05]   src/tools
[0:19:15] Still working on:
[0:19:15]   src/third_party
[0:19:15]   src/tools
[0:19:25] Still working on:
[0:19:25]   src/third_party
[0:19:25]   src/tools
[0:19:35] Still working on:
[0:19:35]   src/third_party
[0:19:35]   src/tools
[0:19:45] Still working on:
[0:19:45]   src/third_party
[0:19:45]   src/tools
[0:19:55] Still working on:
[0:19:55]   src/third_party
[0:19:55]   src/tools
[0:20:05] Still working on:
[0:20:05]   src/third_party
[0:20:05]   src/tools
[0:20:15] Still working on:
[0:20:15]   src/third_party
[0:20:15]   src/tools
[0:20:25] Still working on:
[0:20:25]   src/third_party
[0:20:25]   src/tools
[0:20:35] Still working on:
[0:20:35]   src/third_party
[0:20:35]   src/tools
[0:20:45] Still working on:
[0:20:45]   src/third_party
[0:20:45]   src/tools
[0:20:55] Still working on:
[0:20:55]   src/third_party
[0:20:55]   src/tools
[0:21:05] Still working on:
[0:21:05]   src/third_party
[0:21:05]   src/tools
[0:21:15] Still working on:
[0:21:15]   src/third_party
[0:21:15]   src/tools
[0:21:25] Still working on:
[0:21:25]   src/third_party
[0:21:25]   src/tools
[0:21:35] Still working on:
[0:21:35]   src/third_party
[0:21:35]   src/tools
[0:21:45] Still working on:
[0:21:45]   src/third_party
[0:21:45]   src/tools
[0:21:55] Still working on:
[0:21:55]   src/third_party
[0:21:55]   src/tools
[0:22:05] Still working on:
[0:22:05]   src/third_party
[0:22:05]   src/tools
[0:22:15] Still working on:
[0:22:15]   src/third_party
[0:22:15]   src/tools
[0:22:25] Still working on:
[0:22:25]   src/third_party
[0:22:25]   src/tools
[0:22:35] Still working on:
[0:22:35]   src/third_party
[0:22:35]   src/tools
[0:22:38] Still working on:
[0:22:38]   src/third_party
[0:22:38]   src/tools
[0:24:00] Still working on:
[0:24:00]   src/third_party
[0:24:10] Still working on:
[0:24:10]   src/third_party
[0:24:20] Still working on:
[0:24:20]   src/third_party
[0:24:30] Still working on:
[0:24:30]   src/third_party
[0:24:41] Still working on:
[0:24:41]   src/third_party
[0:24:51] Still working on:
[0:24:51]   src/third_party
[0:25:01] Still working on:
[0:25:01]   src/third_party
[0:25:11] Still working on:
[0:25:11]   src/third_party
[0:25:21] Still working on:
[0:25:21]   src/third_party
[0:25:31] Still working on:
[0:25:31]   src/third_party
[0:25:41] Still working on:
[0:25:41]   src/third_party
[0:25:51] Still working on:
[0:25:51]   src/third_party
[0:26:01] Still working on:
[0:26:01]   src/third_party
[0:26:12] Still working on:
[0:26:12]   src/third_party
[0:26:22] Still working on:
[0:26:22]   src/third_party
[0:26:32] Still working on:
[0:26:32]   src/third_party
[0:26:42] Still working on:
[0:26:42]   src/third_party
[0:26:52] Still working on:
[0:26:52]   src/third_party
[0:27:02] Still working on:
[0:27:02]   src/third_party
[0:27:12] Still working on:
[0:27:12]   src/third_party
[0:27:22] Still working on:
[0:27:22]   src/third_party
[0:27:32] Still working on:
[0:27:32]   src/third_party
[0:27:38] Still working on:
[0:27:38]   src/third_party
[0:28:49] Still working on:
[0:28:49]   src/third_party/boringssl/src
[0:28:49]   src/third_party/catapult
[0:28:56] Still working on:
[0:28:56]   src/third_party/boringssl/src
[0:28:56]   src/third_party/catapult
[1:31:29] Still working on:
[1:31:29]   src/third_party/grpc/src
[1:31:29]   src/third_party/icu
[1:31:30] STALL DETECTED: gclient has been silent for 5 minutes.
[1:31:30] Currently active tasks:
[1:31:30]    src/third_party/grpc/src (Running for 1:00:48)
[1:31:30]    src/third_party/icu (Running for 0:59:52)
[1:31:30] Suggestions:
[1:31:30] 1. Authentication: Check for background prompts.
[1:31:30] 2. Network: Check your internet connection and proxies.
[1:31:30] 3. Locks: Check for other git processes holding a lock.
[1:31:30] 4. Verbose: Run gclient with --verbose to see more output.
